Microchip MPLAB XC8 Compiler V1.21 ()

Linker command line:

--edf=C:\Program Files (x86)\Microchip\xc8\v1.21\dat\en_msgs.txt -cs \
  -h+dist/default/production\HW7.X.production.sym \
  --cmf=dist/default/production\HW7.X.production.cmf -z -Q18F4520 \
  -oC:\Users\TESLA\AppData\Local\Temp\s2qc.6 \
  -Mdist/default/production/HW7.X.production.map -E1 -ver=XC8 \
  -ACODE=00h-07FFFh -ACONST=00h-07FFFh -ASMALLCONST=0600h-06FFhx122 \
  -AMEDIUMCONST=0600h-07FFFh -ACOMRAM=01h-07Fh -AABS1=00h-05FFh \
  -ABIGRAM=01h-05FFh -ARAM=080h-0FFh,0100h-01FFhx5 -ABANK0=080h-0FFh \
  -ABANK1=0100h-01FFh -ABANK2=0200h-02FFh -ABANK3=0300h-03FFh \
  -ABANK4=0400h-04FFh -ABANK5=0500h-05FFh -ASFR=0F80h-0FFFh \
  -preset_vec=00h,intcode,intcodelo,powerup,init,end_init -pramtop=0600h \
  -psmallconst=SMALLCONST -pmediumconst=MEDIUMCONST -pconst=CONST \
  -AFARRAM=00h-00h -ACONFIG=0300000h-030000Dh -pconfig=CONFIG \
  -AIDLOC=0200000h-0200007h -pidloc=IDLOC -AEEDATA=0F00000h-0F000FFh \
  -peeprom_data=EEDATA \
  -prdata=COMRAM,nvrram=COMRAM,nvbit=COMRAM,rbss=COMRAM,rbit=COMRAM \
  -pfarbss=FARRAM,fardata=FARRAM,nvFARRAM=FARRAM \
  -pintsave_regs=BIGRAM,bigbss=BIGRAM,bigdata=BIGRAM -pbss=RAM \
  -pidata=CODE,irdata=CODE,ibigdata=CODE,ifardata=CODE \
  C:\Users\TESLA\AppData\Local\Temp\s2qc.obj \
  dist/default/production\HW7.X.production.obj 

Object code version is 3.11

Machine type is 18F4520

Call graph: (short form)




                Name                               Link     Load   Length Selector   Space Scale
C:\Users\TESLA\AppData\Local\Temp\s2qc.obj
                end_init                              0        0        4        0       0
                idloc                            200000   200000        8   200000       0
                config                           300000   300000        E   300000       0
dist/default/production\HW7.X.production.obj
                smallconst                          600      600       42      300       0
                text14                              9AE      9AE       1E      321       0
                text13                              9FA      9FA       16      321       0
                text12                              A34      A34        C      321       0
                text11                              A28      A28        C      321       0
                text10                              A1C      A1C        C      321       0
                text9                               98A      98A       24      321       0
                text8                               8E8      8E8       64      321       0
                text7                               9CC      9CC       18      321       0
                text6                               9E4      9E4       16      321       0
                text5                               866      866       82      321       0
                text4                               A10      A10        C      321       0
                text3                               7DC      7DC       8A      321       0
                text2                               642      642       E4      321       0
                text1                               94C      94C       3E      321       0
                text0                               726      726       B6      321       0
                cstackCOMRAM                          1        1       11        1       1
                cstackBANK0                          80       80       80       80       1
                cinit                               A40      A40        A      321       0

TOTAL           Name                               Link     Load   Length     Space
        CLASS   CODE           
                end_init                              0        0        4         0
                text14                              9AE      9AE       1E         0
                text13                              9FA      9FA       16         0
                text12                              A34      A34        C         0
                text11                              A28      A28        C         0
                text10                              A1C      A1C        C         0
                text9                               98A      98A       24         0
                text8                               8E8      8E8       64         0
                text7                               9CC      9CC       18         0
                text6                               9E4      9E4       16         0
                text5                               866      866       82         0
                text4                               A10      A10        C         0
                text3                               7DC      7DC       8A         0
                text2                               642      642       E4         0
                text1                               94C      94C       3E         0
                text0                               726      726       B6         0
                cinit                               A40      A40        A         0

        CLASS   CONST          

        CLASS   SMALLCONST     
                smallconst                          600      600       42         0

        CLASS   MEDIUMCONST    

        CLASS   COMRAM         
                cstackCOMRAM                          1        1       11         1

        CLASS   ABS1           

        CLASS   BIGRAM         

        CLASS   RAM            

        CLASS   BANK0          
                cstackBANK0                          80       80       80         1

        CLASS   BANK1          

        CLASS   BANK2          

        CLASS   BANK3          

        CLASS   BANK4          

        CLASS   BANK5          

        CLASS   SFR            

        CLASS   FARRAM         

        CLASS   CONFIG         
                config                           300000   300000        E         0

        CLASS   IDLOC          
                idloc                            200000   200000        8         0

        CLASS   EEDATA         



SEGMENTS        Name                           Load    Length   Top    Selector   Space  Class

                reset_vec                      000000  000004  000004         0       0  CODE    
                cstackCOMRAM                   000001  000011  000012         1       1  COMRAM  
                cstackBANK0                    000080  000080  000100        80       1  BANK0   
                smallconst                     000600  000042  000642       300       0  SMALLCON
                text2                          000642  000408  000A4A       321       0  CODE    
                idloc                          200000  000008  200008    200000       0  IDLOC   
                config                         300000  00000E  30000E    300000       0  CONFIG  


UNUSED ADDRESS RANGES

        Name                Unused          Largest block    Delta
        BANK1            000100-0001FF              100
        BANK2            000200-0002FF              100
        BANK3            000300-0003FF              100
        BANK4            000400-0004FF              100
        BANK5            000500-0005FF              100
        BIGRAM           000012-00007F               6E
                         000100-0005FF              500
        CODE             000004-0005FF              5FC
                         000A4A-007FFF             75B6
        COMRAM           000012-00007F               6E
        CONST            000004-0005FF              5FC
                         000A4A-007FFF             75B6
        EEDATA           F00000-F000FF              100
        MEDIUMCONST      000A4A-007FFF             75B6
        RAM              000100-0005FF              100
        SFR              000F80-000FFF               80
        SMALLCONST       000A4A-007FFF              100

                                  Symbol Table

?_i2c_ack                cstackCOMRAM 000002
?_i2c_receive            cstackCOMRAM 000002
?_i2c_send               cstackCOMRAM 000002
?_load_string            cstackCOMRAM 000009
?_read_page              cstackCOMRAM 000005
?_send_data              cstackCOMRAM 000001
?_write_page             cstackCOMRAM 000003
_ACKEN                   (abs)        007E2C
_OSCCONbits              (abs)        000FD3
_PORTD                   (abs)        000F83
_PORTDbits               (abs)        000F83
_SSPADD                  (abs)        000FC8
_SSPBUF                  (abs)        000FC9
_SSPCON1bits             (abs)        000FC6
_SSPCON2                 (abs)        000FC5
_SSPCON2bits             (abs)        000FC5
_SSPSTATbits             (abs)        000FC7
_TRISC3                  (abs)        007CA3
_TRISC4                  (abs)        007CA4
_TRISD                   (abs)        000F95
__CFG_LVP$OFF            (abs)        000000
__CFG_OSC$INTIO67        (abs)        000000
__CFG_PBADEN$OFF         (abs)        000000
__CFG_WDT$OFF            (abs)        000000
__HRAM                   (abs)        000000
__Habs1                  abs1         000000
__Hbank0                 bank0        000000
__Hbank1                 bank1        000000
__Hbank2                 bank2        000000
__Hbank3                 bank3        000000
__Hbank4                 bank4        000000
__Hbank5                 bank5        000000
__Hbigbss                bigbss       000000
__Hbigdata               bigdata      000000
__Hbigram                bigram       000000
__Hbss                   bss          000000
__Hcinit                 cinit        000000
__Hclrtext               clrtext      000000
__Hcomram                comram       000000
__Hconfig                config       30000E
__Hconst                 const        000000
__HcstackBANK0           cstackBANK0  000000
__HcstackCOMRAM          cstackCOMRAM 000000
__Hdata                  data         000000
__Heeprom_data           eeprom_data  000000
__Hend_init              end_init     000004
__Hfarbss                farbss       000000
__Hfardata               fardata      000000
__Hibigdata              ibigdata     000000
__Hidata                 idata        000000
__Hidloc                 idloc        200008
__Hifardata              ifardata     000000
__Hinit                  init         000000
__Hintcode               intcode      000000
__Hintcode_body          intcode_body 000000
__Hintcodelo             intcodelo    000000
__Hintentry              intentry     000000
__Hintret                intret       000000
__Hintsave_regs          intsave_regs 000000
__Hirdata                irdata       000000
__Hmediumconst           mediumconst  000000
__HnvFARRAM              nvFARRAM     000000
__Hnvbit                 nvbit        000000
__Hnvrram                nvrram       000000
__Hparam                 rparam       000000
__Hpowerup               powerup      000000
__Hram                   ram          000000
__Hramtop                ramtop       000600
__Hrbit                  rbit         000000
__Hrbss                  rbss         000000
__Hrdata                 rdata        000000
__Hreset_vec             reset_vec    000000
__Hrparam                rparam       000000
__Hsfr                   sfr          000000
__Hsmallconst            smallconst   000642
__Hstruct                struct       000000
__Htemp                  temp         000000
__Htext                  text         000000
__Htext0                 text0        000000
__Htext1                 text1        000000
__Htext10                text10       000000
__Htext11                text11       000000
__Htext12                text12       000000
__Htext13                text13       000000
__Htext14                text14       000000
__Htext2                 text2        000000
__Htext3                 text3        000000
__Htext4                 text4        000000
__Htext5                 text5        000000
__Htext6                 text6        000000
__Htext7                 text7        000000
__Htext8                 text8        000000
__Htext9                 text9        000000
__LRAM                   (abs)        000001
__Labs1                  abs1         000000
__Lbank0                 bank0        000000
__Lbank1                 bank1        000000
__Lbank2                 bank2        000000
__Lbank3                 bank3        000000
__Lbank4                 bank4        000000
__Lbank5                 bank5        000000
__Lbigbss                bigbss       000000
__Lbigdata               bigdata      000000
__Lbigram                bigram       000000
__Lbss                   bss          000000
__Lcinit                 cinit        000000
__Lclrtext               clrtext      000000
__Lcomram                comram       000000
__Lconfig                config       300000
__Lconst                 const        000000
__LcstackBANK0           cstackBANK0  000000
__LcstackCOMRAM          cstackCOMRAM 000000
__Ldata                  data         000000
__Leeprom_data           eeprom_data  000000
__Lend_init              end_init     000000
__Lfarbss                farbss       000000
__Lfardata               fardata      000000
__Libigdata              ibigdata     000000
__Lidata                 idata        000000
__Lidloc                 idloc        200000
__Lifardata              ifardata     000000
__Linit                  init         000000
__Lintcode               intcode      000000
__Lintcode_body          intcode_body 000000
__Lintcodelo             intcodelo    000000
__Lintentry              intentry     000000
__Lintret                intret       000000
__Lintsave_regs          intsave_regs 000000
__Lirdata                irdata       000000
__Lmediumconst           mediumconst  000000
__LnvFARRAM              nvFARRAM     000000
__Lnvbit                 nvbit        000000
__Lnvrram                nvrram       000000
__Lparam                 rparam       000000
__Lpowerup               powerup      000000
__Lram                   ram          000000
__Lramtop                ramtop       000600
__Lrbit                  rbit         000000
__Lrbss                  rbss         000000
__Lrdata                 rdata        000000
__Lreset_vec             reset_vec    000000
__Lrparam                rparam       000000
__Lsfr                   sfr          000000
__Lsmallconst            smallconst   000600
__Lstruct                struct       000000
__Ltemp                  temp         000000
__Ltext                  text         000000
__Ltext0                 text0        000000
__Ltext1                 text1        000000
__Ltext10                text10       000000
__Ltext11                text11       000000
__Ltext12                text12       000000
__Ltext13                text13       000000
__Ltext14                text14       000000
__Ltext2                 text2        000000
__Ltext3                 text3        000000
__Ltext4                 text4        000000
__Ltext5                 text5        000000
__Ltext6                 text6        000000
__Ltext7                 text7        000000
__Ltext8                 text8        000000
__Ltext9                 text9        000000
__S0                     (abs)        30000E
__S1                     (abs)        000100
__accesstop              (abs)        000080
__activetblptr           (abs)        000002
__end_of__initialization cinit        000A40
__end_of_epulse          text4        000A1C
__end_of_i2c_ack         text7        0009E4
__end_of_i2c_idle        text13       000A10
__end_of_i2c_init        text14       0009CC
__end_of_i2c_receive     text6        0009FA
__end_of_i2c_rstart      text11       000A34
__end_of_i2c_send        text9        0009AE
__end_of_i2c_start       text12       000A40
__end_of_i2c_stop        text10       000A28
__end_of_init_lcd        text2        000726
__end_of_load_string     text1        00098A
__end_of_main            text0        0007DC
__end_of_read_page       text5        0008E8
__end_of_send_data       text3        000866
__end_of_write_page      text8        00094C
__end_ofmain@F4176       smallconst   000640
__initialization         cinit        000A40
__mediumconst            mediumconst  000000
__pcinit                 cinit        000A40
__pcstackBANK0           cstackBANK0  000080
__pcstackCOMRAM          cstackCOMRAM 000001
__psmallconst            smallconst   000600
__ptext0                 text0        000726
__ptext1                 text1        00094C
__ptext10                text10       000A1C
__ptext11                text11       000A28
__ptext12                text12       000A34
__ptext13                text13       0009FA
__ptext14                text14       0009AE
__ptext2                 text2        000642
__ptext3                 text3        0007DC
__ptext4                 text4        000A10
__ptext5                 text5        000866
__ptext6                 text6        0009E4
__ptext7                 text7        0009CC
__ptext8                 text8        0008E8
__ptext9                 text9        00098A
__ramtop                 ramtop       000600
__size_of_epulse         (abs)        000000
__size_of_i2c_ack        (abs)        000000
__size_of_i2c_idle       (abs)        000000
__size_of_i2c_init       (abs)        000000
__size_of_i2c_receive    (abs)        000000
__size_of_i2c_rstart     (abs)        000000
__size_of_i2c_send       (abs)        000000
__size_of_i2c_start      (abs)        000000
__size_of_i2c_stop       (abs)        000000
__size_of_init_lcd       (abs)        000000
__size_of_load_string    (abs)        000000
__size_of_main           (abs)        000000
__size_of_read_page      (abs)        000000
__size_of_send_data      (abs)        000000
__size_of_write_page     (abs)        000000
__smallconst             smallconst   000600
_epulse                  text4        000A10
_i2c_ack                 text7        0009CC
_i2c_idle                text13       0009FA
_i2c_init                text14       0009AE
_i2c_receive             text6        0009E4
_i2c_rstart              text11       000A28
_i2c_send                text9        00098A
_i2c_start               text12       000A34
_i2c_stop                text10       000A1C
_init_lcd                text2        000642
_load_string             text1        00094C
_main                    text0        000726
_read_page               text5        000866
_send_data               text3        0007DC
_write_page              text8        0008E8
end_of_initialization    cinit        000A40
i2c_ack@ackbit           cstackCOMRAM 000002
i2c_receive@data         cstackCOMRAM 000004
i2c_send@data            cstackCOMRAM 000002
intlevel0                text         000000
intlevel1                text         000000
intlevel2                text         000000
intlevel3                text         000000
load_string@ptr          cstackCOMRAM 000009
main@F4176               smallconst   000600
main@message             cstackBANK0  0000C0
main@mypage              cstackBANK0  000080
read_page@i              cstackCOMRAM 00000A
read_page@lsb_add        cstackCOMRAM 000008
read_page@message        cstackCOMRAM 000005
read_page@msb_add        cstackCOMRAM 000007
send_data@bflag          cstackCOMRAM 000006
send_data@c              cstackCOMRAM 000007
send_data@cflag          cstackCOMRAM 000002
send_data@chk_busy       cstackCOMRAM 000003
send_data@d              cstackCOMRAM 000008
send_data@data           cstackCOMRAM 000001
send_data@dflag          cstackCOMRAM 000004
start                    init         000000
start_initialization     cinit        000A40
write_page@i             cstackCOMRAM 000008
write_page@lsb_add       cstackCOMRAM 000006
write_page@msb_add       cstackCOMRAM 000005
write_page@the_page      cstackCOMRAM 000003


FUNCTION INFORMATION:

 *************** function _main *****************
 Defined at:
		line 55 in file "main.c"
 Parameters:    Size  Location     Type
		None
 Auto vars:     Size  Location     Type
  message        64   64[BANK0 ] unsigned char [64]
  mypage         64    0[BANK0 ] const unsigned char [64]
 Return value:  Size  Location     Type
		None               void
 Registers used:
		wreg, fsr2l, fsr2h, status,2, status,0, tblptrl, tblptrh, tblptru, cstack
 Tracked objects:
		On entry : 
		On exit  : 
		Unchanged: 
 Data sizes:     COMRAM   BANK0   BANK1   BANK2   BANK3   BANK4   BANK5
      Params:         0       0       0       0       0       0       0
      Locals:         0     128       0       0       0       0       0
      Temps:          4       0       0       0       0       0       0
      Totals:         4     128       0       0       0       0       0
Total ram usage:      132 bytes
 Hardware stack levels required when called:    3
 This function calls:
		_i2c_init
		_write_page
		_read_page
		_init_lcd
		_load_string
		_send_data
 This function is called by:
		Startup code after reset
 This function uses a non-reentrant model


 *************** function _load_string *****************
 Defined at:
		line 121 in file "lcd.c"
 Parameters:    Size  Location     Type
  ptr             2    8[COMRAM] PTR const unsigned char 
		 -> main@message(64), 
 Auto vars:     Size  Location     Type
		None
 Return value:  Size  Location     Type
		None               void
 Registers used:
		wreg, fsr2l, fsr2h, status,2, status,0, cstack
 Tracked objects:
		On entry : 
		On exit  : 
		Unchanged: 
 Data sizes:     COMRAM   BANK0   BANK1   BANK2   BANK3   BANK4   BANK5
      Params:         2       0       0       0       0       0       0
      Locals:         0       0       0       0       0       0       0
      Temps:          3       0       0       0       0       0       0
      Totals:         5       0       0       0       0       0       0
Total ram usage:        5 bytes
 Hardware stack levels used:    1
 Hardware stack levels required when called:    2
 This function calls:
		_send_data
 This function is called by:
		_main
 This function uses a non-reentrant model


 *************** function _init_lcd *****************
 Defined at:
		line 77 in file "main.c"
 Parameters:    Size  Location     Type
		None
 Auto vars:     Size  Location     Type
		None
 Return value:  Size  Location     Type
		None               void
 Registers used:
		wreg, status,2, status,0, cstack
 Tracked objects:
		On entry : 
		On exit  : 
		Unchanged: 
 Data sizes:     COMRAM   BANK0   BANK1   BANK2   BANK3   BANK4   BANK5
      Params:         0       0       0       0       0       0       0
      Locals:         0       0       0       0       0       0       0
      Temps:          4       0       0       0       0       0       0
      Totals:         4       0       0       0       0       0       0
Total ram usage:        4 bytes
 Hardware stack levels used:    1
 Hardware stack levels required when called:    2
 This function calls:
		_send_data
 This function is called by:
		_main
 This function uses a non-reentrant model


 *************** function _send_data *****************
 Defined at:
		line 70 in file "lcd.c"
 Parameters:    Size  Location     Type
  data            1    0[COMRAM] unsigned char 
  cflag           1    1[COMRAM] unsigned char 
  chk_busy        1    2[COMRAM] unsigned char 
  dflag           1    3[COMRAM] unsigned char 
 Auto vars:     Size  Location     Type
  d               1    7[COMRAM] unsigned char 
  c               1    6[COMRAM] unsigned char 
  bflag           1    5[COMRAM] unsigned char 
 Return value:  Size  Location     Type
		None               void
 Registers used:
		wreg, status,2, status,0, cstack
 Tracked objects:
		On entry : 
		On exit  : 
		Unchanged: 
 Data sizes:     COMRAM   BANK0   BANK1   BANK2   BANK3   BANK4   BANK5
      Params:         4       0       0       0       0       0       0
      Locals:         3       0       0       0       0       0       0
      Temps:          1       0       0       0       0       0       0
      Totals:         8       0       0       0       0       0       0
Total ram usage:        8 bytes
 Hardware stack levels used:    1
 Hardware stack levels required when called:    1
 This function calls:
		_epulse
 This function is called by:
		_main
		_init_lcd
		_load_string
 This function uses a non-reentrant model


 *************** function _epulse *****************
 Defined at:
		line 47 in file "lcd.c"
 Parameters:    Size  Location     Type
		None
 Auto vars:     Size  Location     Type
		None
 Return value:  Size  Location     Type
		None               void
 Registers used:
		None
 Tracked objects:
		On entry : 
		On exit  : 
		Unchanged: 
 Data sizes:     COMRAM   BANK0   BANK1   BANK2   BANK3   BANK4   BANK5
      Params:         0       0       0       0       0       0       0
      Locals:         0       0       0       0       0       0       0
      Temps:          0       0       0       0       0       0       0
      Totals:         0       0       0       0       0       0       0
Total ram usage:        0 bytes
 Hardware stack levels used:    1
 This function calls:
		Nothing
 This function is called by:
		_send_data
 This function uses a non-reentrant model


 *************** function _read_page *****************
 Defined at:
		line 118 in file "i2c_page.c"
 Parameters:    Size  Location     Type
  message         2    4[COMRAM] PTR unsigned char 
		 -> main@message(64), 
  msb_add         1    6[COMRAM] unsigned char 
  lsb_add         1    7[COMRAM] unsigned char 
 Auto vars:     Size  Location     Type
  i               2    9[COMRAM] int 
 Return value:  Size  Location     Type
                  2    4[COMRAM] int 
 Registers used:
		wreg, fsr2l, fsr2h, status,2, status,0, cstack
 Tracked objects:
		On entry : 
		On exit  : 
		Unchanged: 
 Data sizes:     COMRAM   BANK0   BANK1   BANK2   BANK3   BANK4   BANK5
      Params:         4       0       0       0       0       0       0
      Locals:         2       0       0       0       0       0       0
      Temps:          1       0       0       0       0       0       0
      Totals:         7       0       0       0       0       0       0
Total ram usage:        7 bytes
 Hardware stack levels used:    1
 Hardware stack levels required when called:    2
 This function calls:
		_i2c_idle
		_i2c_start
		_i2c_rstart
		_i2c_stop
		_i2c_ack
		_i2c_send
		_i2c_receive
 This function is called by:
		_main
 This function uses a non-reentrant model


 *************** function _i2c_receive *****************
 Defined at:
		line 148 in file "i2c.c"
 Parameters:    Size  Location     Type
		None
 Auto vars:     Size  Location     Type
  data            1    3[COMRAM] unsigned char 
 Return value:  Size  Location     Type
                  1    wreg      unsigned char 
 Registers used:
		wreg, status,2, status,0, cstack
 Tracked objects:
		On entry : 
		On exit  : 
		Unchanged: 
 Data sizes:     COMRAM   BANK0   BANK1   BANK2   BANK3   BANK4   BANK5
      Params:         2       0       0       0       0       0       0
      Locals:         1       0       0       0       0       0       0
      Temps:          0       0       0       0       0       0       0
      Totals:         3       0       0       0       0       0       0
Total ram usage:        3 bytes
 Hardware stack levels used:    1
 Hardware stack levels required when called:    1
 This function calls:
		_i2c_idle
 This function is called by:
		_read_page
		_read_byte
 This function uses a non-reentrant model


 *************** function _i2c_ack *****************
 Defined at:
		line 105 in file "i2c.c"
 Parameters:    Size  Location     Type
  ackbit          1    1[COMRAM] unsigned char 
 Auto vars:     Size  Location     Type
		None
 Return value:  Size  Location     Type
		None               void
 Registers used:
		wreg, status,2, status,0, cstack
 Tracked objects:
		On entry : 
		On exit  : 
		Unchanged: 
 Data sizes:     COMRAM   BANK0   BANK1   BANK2   BANK3   BANK4   BANK5
      Params:         1       0       0       0       0       0       0
      Locals:         0       0       0       0       0       0       0
      Temps:          0       0       0       0       0       0       0
      Totals:         1       0       0       0       0       0       0
Total ram usage:        1 bytes
 Hardware stack levels used:    1
 Hardware stack levels required when called:    1
 This function calls:
		_i2c_idle
 This function is called by:
		_read_page
 This function uses a non-reentrant model


 *************** function _write_page *****************
 Defined at:
		line 93 in file "i2c_page.c"
 Parameters:    Size  Location     Type
  the_page        2    2[COMRAM] PTR unsigned char 
		 -> main@mypage(64), 
  msb_add         1    4[COMRAM] unsigned char 
  lsb_add         1    5[COMRAM] unsigned char 
 Auto vars:     Size  Location     Type
  i               2    7[COMRAM] int 
 Return value:  Size  Location     Type
                  2    2[COMRAM] int 
 Registers used:
		wreg, fsr2l, fsr2h, status,2, status,0, cstack
 Tracked objects:
		On entry : 
		On exit  : 
		Unchanged: 
 Data sizes:     COMRAM   BANK0   BANK1   BANK2   BANK3   BANK4   BANK5
      Params:         4       0       0       0       0       0       0
      Locals:         2       0       0       0       0       0       0
      Temps:          1       0       0       0       0       0       0
      Totals:         7       0       0       0       0       0       0
Total ram usage:        7 bytes
 Hardware stack levels used:    1
 Hardware stack levels required when called:    2
 This function calls:
		_i2c_start
		_i2c_rstart
		_i2c_stop
		_i2c_send
 This function is called by:
		_main
 This function uses a non-reentrant model


 *************** function _i2c_send *****************
 Defined at:
		line 127 in file "i2c.c"
 Parameters:    Size  Location     Type
  data            1    1[COMRAM] unsigned char 
 Auto vars:     Size  Location     Type
		None
 Return value:  Size  Location     Type
                  1    wreg      unsigned char 
 Registers used:
		wreg, status,2, status,0, cstack
 Tracked objects:
		On entry : 
		On exit  : 
		Unchanged: 
 Data sizes:     COMRAM   BANK0   BANK1   BANK2   BANK3   BANK4   BANK5
      Params:         1       0       0       0       0       0       0
      Locals:         0       0       0       0       0       0       0
      Temps:          0       0       0       0       0       0       0
      Totals:         1       0       0       0       0       0       0
Total ram usage:        1 bytes
 Hardware stack levels used:    1
 Hardware stack levels required when called:    1
 This function calls:
		_i2c_idle
 This function is called by:
		_write_page
		_read_page
		_write_byte
		_read_byte
 This function uses a non-reentrant model


 *************** function _i2c_stop *****************
 Defined at:
		line 91 in file "i2c.c"
 Parameters:    Size  Location     Type
		None
 Auto vars:     Size  Location     Type
		None
 Return value:  Size  Location     Type
		None               void
 Registers used:
		wreg, status,2, status,0, cstack
 Tracked objects:
		On entry : 
		On exit  : 
		Unchanged: 
 Data sizes:     COMRAM   BANK0   BANK1   BANK2   BANK3   BANK4   BANK5
      Params:         0       0       0       0       0       0       0
      Locals:         0       0       0       0       0       0       0
      Temps:          0       0       0       0       0       0       0
      Totals:         0       0       0       0       0       0       0
Total ram usage:        0 bytes
 Hardware stack levels used:    1
 Hardware stack levels required when called:    1
 This function calls:
		_i2c_idle
 This function is called by:
		_write_page
		_read_page
		_write_byte
		_read_byte
 This function uses a non-reentrant model


 *************** function _i2c_rstart *****************
 Defined at:
		line 79 in file "i2c.c"
 Parameters:    Size  Location     Type
		None
 Auto vars:     Size  Location     Type
		None
 Return value:  Size  Location     Type
		None               void
 Registers used:
		wreg, status,2, status,0, cstack
 Tracked objects:
		On entry : 
		On exit  : 
		Unchanged: 
 Data sizes:     COMRAM   BANK0   BANK1   BANK2   BANK3   BANK4   BANK5
      Params:         0       0       0       0       0       0       0
      Locals:         0       0       0       0       0       0       0
      Temps:          0       0       0       0       0       0       0
      Totals:         0       0       0       0       0       0       0
Total ram usage:        0 bytes
 Hardware stack levels used:    1
 Hardware stack levels required when called:    1
 This function calls:
		_i2c_idle
 This function is called by:
		_write_page
		_read_page
		_write_byte
		_read_byte
 This function uses a non-reentrant model


 *************** function _i2c_start *****************
 Defined at:
		line 67 in file "i2c.c"
 Parameters:    Size  Location     Type
		None
 Auto vars:     Size  Location     Type
		None
 Return value:  Size  Location     Type
		None               void
 Registers used:
		wreg, status,2, status,0, cstack
 Tracked objects:
		On entry : 
		On exit  : 
		Unchanged: 
 Data sizes:     COMRAM   BANK0   BANK1   BANK2   BANK3   BANK4   BANK5
      Params:         0       0       0       0       0       0       0
      Locals:         0       0       0       0       0       0       0
      Temps:          0       0       0       0       0       0       0
      Totals:         0       0       0       0       0       0       0
Total ram usage:        0 bytes
 Hardware stack levels used:    1
 Hardware stack levels required when called:    1
 This function calls:
		_i2c_idle
 This function is called by:
		_write_page
		_read_page
		_write_byte
		_read_byte
 This function uses a non-reentrant model


 *************** function _i2c_idle *****************
 Defined at:
		line 57 in file "i2c.c"
 Parameters:    Size  Location     Type
		None
 Auto vars:     Size  Location     Type
		None
 Return value:  Size  Location     Type
		None               void
 Registers used:
		wreg, status,2, status,0
 Tracked objects:
		On entry : 
		On exit  : 
		Unchanged: 
 Data sizes:     COMRAM   BANK0   BANK1   BANK2   BANK3   BANK4   BANK5
      Params:         0       0       0       0       0       0       0
      Locals:         0       0       0       0       0       0       0
      Temps:          1       0       0       0       0       0       0
      Totals:         1       0       0       0       0       0       0
Total ram usage:        1 bytes
 Hardware stack levels used:    1
 This function calls:
		Nothing
 This function is called by:
		_i2c_start
		_i2c_rstart
		_i2c_stop
		_i2c_ack
		_i2c_send
		_i2c_receive
		_read_page
		_read_byte
 This function uses a non-reentrant model


 *************** function _i2c_init *****************
 Defined at:
		line 165 in file "i2c.c"
 Parameters:    Size  Location     Type
		None
 Auto vars:     Size  Location     Type
		None
 Return value:  Size  Location     Type
		None               void
 Registers used:
		wreg, status,2
 Tracked objects:
		On entry : 
		On exit  : 
		Unchanged: 
 Data sizes:     COMRAM   BANK0   BANK1   BANK2   BANK3   BANK4   BANK5
      Params:         0       0       0       0       0       0       0
      Locals:         0       0       0       0       0       0       0
      Temps:          0       0       0       0       0       0       0
      Totals:         0       0       0       0       0       0       0
Total ram usage:        0 bytes
 Hardware stack levels used:    1
 This function calls:
		Nothing
 This function is called by:
		_main
 This function uses a non-reentrant model



MODULE INFORMATION

Module		Function		Class		Link	Load	Size
i2c.c
		_i2c_ack       		CODE           	09CC	0000	24
		_i2c_start     		CODE           	0A34	0000	12
		_i2c_receive   		CODE           	09E4	0000	22
		_i2c_idle      		CODE           	09FA	0000	22
		_i2c_rstart    		CODE           	0A28	0000	12
		_i2c_stop      		CODE           	0A1C	0000	12
		_i2c_init      		CODE           	09AE	0000	30
		_i2c_send      		CODE           	098A	0000	36

i2c.c estimated size: 170

shared
		main@F4176     		SMALLCONST     	0600	0000	64
		__initializatio		CODE           	0A40	0000	0

shared estimated size: 64

main.c
		_main          		CODE           	0726	0000	182
		_init_lcd      		CODE           	0642	0000	228

main.c estimated size: 410

i2c_page.c
		_write_page    		CODE           	08E8	0000	100
		_read_page     		CODE           	0866	0000	130

i2c_page.c estimated size: 230

lcd.c
		_load_string   		CODE           	094C	0000	62
		_send_data     		CODE           	07DC	0000	138
		_epulse        		CODE           	0A10	0000	12

lcd.c estimated size: 212

