Microchip MPLAB XC8 Compiler V1.21 ()

Linker command line:

--edf=C:\Program Files (x86)\Microchip\xc8\v1.21\dat\en_msgs.txt -cs \
  -h+dist/default/debug\HW8.X.debug.sym \
  --cmf=dist/default/debug\HW8.X.debug.cmf -z -Q18F4520 \
  -oC:\Users\TESLA\AppData\Local\Temp\s32o.6 \
  -Mdist/default/debug/HW8.X.debug.map -E1 -ver=XC8 -ACODE=00h-07CFFh \
  -ACONST=00h-07CFFh -ASMALLCONST=0600h-06FFhx119 \
  -AMEDIUMCONST=0600h-07CFFh -ACOMRAM=01h-07Fh -AABS1=00h-05EEh \
  -ABIGRAM=01h-05EEh -ARAM=080h-0FFh,0100h-01FFhx4,0500h-05EEh \
  -ABANK0=080h-0FFh -ABANK1=0100h-01FFh -ABANK2=0200h-02FFh \
  -ABANK3=0300h-03FFh -ABANK4=0400h-04FFh -ABANK5=0500h-05EEh \
  -ASFR=0F80h-0F9Bh,0F9Dh-0FD3h,0FD5h-0FDAh,0FE0h-0FE2h,0FE8h-0FEAh,0FF0h-0FFBh \
  -preset_vec=00h,intcode=08h,intcodelo,powerup,init,end_init \
  -pramtop=0600h -psmallconst=SMALLCONST -pmediumconst=MEDIUMCONST \
  -pconst=CONST -AFARRAM=00h-00h -ACONFIG=0300000h-030000Dh -pconfig=CONFIG \
  -AIDLOC=0200000h-0200007h -pidloc=IDLOC -AEEDATA=0F00000h-0F000FFh \
  -peeprom_data=EEDATA \
  -prdata=COMRAM,nvrram=COMRAM,nvbit=COMRAM,rbss=COMRAM,rbit=COMRAM \
  -pfarbss=FARRAM,fardata=FARRAM,nvFARRAM=FARRAM \
  -pintsave_regs=BIGRAM,bigbss=BIGRAM,bigdata=BIGRAM -pbss=RAM \
  -pidata=CODE,irdata=CODE,ibigdata=CODE,ifardata=CODE \
  C:\Users\TESLA\AppData\Local\Temp\s32o.obj \
  dist/default/debug\HW8.X.debug.obj 

Object code version is 3.11

Machine type is 18F4520

Call graph: (short form)




                Name                               Link     Load   Length Selector   Space Scale
C:\Users\TESLA\AppData\Local\Temp\s32o.obj
                end_init                             14       14        4        4       0
                reset_vec                             0        0        6        0       0
                idloc                            200000   200000        8   200000       0
                config                           300000   300000        E   300000       0
dist/default/debug\HW8.X.debug.obj
                intcode                               8        8        C        4       0
                smallconst                          600      600       8E      300       0
                intcode_body                       2A62     2A62       86      347       0
                text33                             27EC     27EC       B8      347       0
                text32                             2236     2236      110      347       0
                text31                             2F12     2F12       1E      347       0
                text30                             2EEE     2EEE       24      347       0
                text29                             2F30     2F30       16      347       0
                text28                             2E7A     2E7A       2A      347       0
                text27                             28A4     28A4       A8      347       0
                text26                             2538     2538       F0      347       0
                text25                             2C32     2C32       64      347       0
                text24                             294C     294C       90      347       0
                text23                             2AE8     2AE8       7C      347       0
                text22                             2E14     2E14       3A      347       0
                text21                             1B6A     1B6A      280      347       0
                text20                             171A     171A      450      347       0
                text19                             2ECA     2ECA       24      347       0
                text18                             2114     2114      122      347       0
                text17                             2444     2444       F4      347       0
                text16                             2DD8     2DD8       3C      347       0
                text15                             2346     2346       FE      347       0
                text14                             2D9C     2D9C       3C      347       0
                text13                             2D60     2D60       3C      347       0
                text12                             1DEA     1DEA      1CC      347       0
                text11                             2D1E     2D1E       42      347       0
                text10                             2CDC     2CDC       42      347       0
                text9                              2628     2628       E4      347       0
                text8                              2EA4     2EA4       26      347       0
                text7                              270C     270C       E0      347       0
                text6                              29DC     29DC       86      347       0
                text5                              2B64     2B64       6A      347       0
                text4                              2BCE     2BCE       64      347       0
                text3                              2C96     2C96       46      347       0
                text2                               68E      68E     108C      347       0
                text1                              2E4E     2E4E       2C      347       0
                text0                              1FB6     1FB6      15E      347       0
                cstackCOMRAM                          1        1       6D        1       1
                cstackBANK0                          80       80       53       80       1
                bssBANK0                             D3       D3        2       80       1
                bssCOMRAM                            6E       6E        2        1       1
                cinit                              2F46     2F46       14      347       0
                nvCOMRAM                             70       70        1        1       1

TOTAL           Name                               Link     Load   Length     Space
        CLASS   CODE           
                end_init                             14       14        4         0
                intcode                               8        8        C         0
                reset_vec                             0        0        6         0
                intcode_body                       2A62     2A62       86         0
                text33                             27EC     27EC       B8         0
                text32                             2236     2236      110         0
                text31                             2F12     2F12       1E         0
                text30                             2EEE     2EEE       24         0
                text29                             2F30     2F30       16         0
                text28                             2E7A     2E7A       2A         0
                text27                             28A4     28A4       A8         0
                text26                             2538     2538       F0         0
                text25                             2C32     2C32       64         0
                text24                             294C     294C       90         0
                text23                             2AE8     2AE8       7C         0
                text22                             2E14     2E14       3A         0
                text21                             1B6A     1B6A      280         0
                text20                             171A     171A      450         0
                text19                             2ECA     2ECA       24         0
                text18                             2114     2114      122         0
                text17                             2444     2444       F4         0
                text16                             2DD8     2DD8       3C         0
                text15                             2346     2346       FE         0
                text14                             2D9C     2D9C       3C         0
                text13                             2D60     2D60       3C         0
                text12                             1DEA     1DEA      1CC         0
                text11                             2D1E     2D1E       42         0
                text10                             2CDC     2CDC       42         0
                text9                              2628     2628       E4         0
                text8                              2EA4     2EA4       26         0
                text7                              270C     270C       E0         0
                text6                              29DC     29DC       86         0
                text5                              2B64     2B64       6A         0
                text4                              2BCE     2BCE       64         0
                text3                              2C96     2C96       46         0
                text2                               68E      68E     108C         0
                text1                              2E4E     2E4E       2C         0
                text0                              1FB6     1FB6      15E         0
                cinit                              2F46     2F46       14         0

        CLASS   CONST          

        CLASS   SMALLCONST     
                smallconst                          600      600       8E         0

        CLASS   MEDIUMCONST    

        CLASS   COMRAM         
                cstackCOMRAM                          1        1       6D         1
                bssCOMRAM                            6E       6E        2         1
                nvCOMRAM                             70       70        1         1

        CLASS   ABS1           

        CLASS   BIGRAM         

        CLASS   RAM            

        CLASS   BANK0          
                cstackBANK0                          80       80       53         1
                bssBANK0                             D3       D3        2         1

        CLASS   BANK1          

        CLASS   BANK2          

        CLASS   BANK3          

        CLASS   BANK4          

        CLASS   BANK5          

        CLASS   SFR            

        CLASS   FARRAM         

        CLASS   CONFIG         
                config                           300000   300000        E         0

        CLASS   IDLOC          
                idloc                            200000   200000        8         0

        CLASS   EEDATA         



SEGMENTS        Name                           Load    Length   Top    Selector   Space  Class

                reset_vec                      000000  000006  000006         0       0  CODE    
                cstackCOMRAM                   000001  000070  000071         1       1  COMRAM  
                intcode                        000008  000010  000018         4       0  CODE    
                cstackBANK0                    000080  000055  0000D5        80       1  BANK0   
                smallconst                     000600  00008E  00068E       300       0  SMALLCON
                text2                          00068E  0028CC  002F5A       347       0  CODE    
                idloc                          200000  000008  200008    200000       0  IDLOC   
                config                         300000  00000E  30000E    300000       0  CONFIG  


UNUSED ADDRESS RANGES

        Name                Unused          Largest block    Delta
        BANK0            0000D5-0000FF               2B
        BANK1            000100-0001FF              100
        BANK2            000200-0002FF              100
        BANK3            000300-0003FF              100
        BANK4            000400-0004FF              100
        BANK5            000500-0005EE               EF
        BIGRAM           000071-00007F                F
                         0000D5-0005EE              51A
        CODE             000006-000007                2
                         000018-0005FF              5E8
                         002F5A-007CFF             4DA6
        COMRAM           000071-00007F                F
        CONST            000006-000007                2
                         000018-0005FF              5E8
                         002F5A-007CFF             4DA6
        EEDATA           F00000-F000FF              100
        MEDIUMCONST      002F5A-007CFF             4DA6
        RAM              0000D5-0005EE              100
        SFR              000F80-000F9B               1C
                         000F9D-000FD3               37
                         000FD5-000FDA                6
                         000FE0-000FE2                3
                         000FE8-000FEA                3
                         000FF0-000FFB                C
        SMALLCONST       002F5A-007CFF              100

                                  Symbol Table

?___asftadd              cstackBANK0  000080
?___asftdiv              cstackCOMRAM 000047
?___asftmul              cstackBANK0  000080
?___asftsub              cstackBANK0  000086
?___awdiv                cstackCOMRAM 000016
?___awmod                cstackCOMRAM 00000F
?___ftadd                cstackCOMRAM 00005D
?___ftdiv                cstackCOMRAM 000036
?___ftge                 cstackBANK0  000080
?___ftmul                cstackCOMRAM 000025
?___ftneg                cstackCOMRAM 00005A
?___ftpack               cstackCOMRAM 00000F
?___ftsub                cstackBANK0  000080
?___fttol                cstackCOMRAM 000042
?___lldiv                cstackCOMRAM 00000F
?___llmod                cstackCOMRAM 00000F
?___lltoft               cstackCOMRAM 000051
?___lwmod                cstackCOMRAM 00000F
?___lwtoft               cstackCOMRAM 000017
?___wmul                 cstackCOMRAM 00001F
?__div_to_l_             cstackCOMRAM 00000F
?__tdiv_to_l_            cstackCOMRAM 00000F
?_delayms                cstackCOMRAM 00000F
?_delayus                cstackCOMRAM 00000F
?_fround                 cstackCOMRAM 000036
?_isdigit                cstackCOMRAM 00000F
?_load_string            cstackCOMRAM 00001A
?_scale                  cstackCOMRAM 000036
?_send_data              cstackCOMRAM 000012
?_sprintf                cstackBANK0  00008B
_ADCON0bits              (abs)        000FC2
_ADCON1                  (abs)        000FC1
_ADCON2bits              (abs)        000FC0
_ADIF                    (abs)        007CF6
_ADRESH                  (abs)        000FC4
_ADRESL                  (abs)        000FC3
_INTCONbits              (abs)        000FF2
_PIE1bits                (abs)        000F9D
_PIR1bits                (abs)        000F9E
_PORTD                   (abs)        000F83
_PORTDbits               (abs)        000F83
_RA0_isr                 intcode      000008
_TRISD                   (abs)        000F95
__CFG_LVP$OFF            (abs)        000000
__CFG_OSC$INTIO67        (abs)        000000
__CFG_PBADEN$OFF         (abs)        000000
__CFG_WDT$OFF            (abs)        000000
__HRAM                   (abs)        000000
__Habs1                  abs1         000000
__Hbank0                 bank0        000000
__Hbank1                 bank1        000000
__Hbank2                 bank2        000000
__Hbank3                 bank3        000000
__Hbank4                 bank4        000000
__Hbank5                 bank5        000000
__Hbigbss                bigbss       000000
__Hbigdata               bigdata      000000
__Hbigram                bigram       000000
__Hbss                   bss          000000
__HbssBANK0              bssBANK0     000000
__HbssCOMRAM             bssCOMRAM    000000
__Hcinit                 cinit        000000
__Hclrtext               clrtext      000000
__Hcomram                comram       000000
__Hconfig                config       30000E
__Hconst                 const        000000
__HcstackBANK0           cstackBANK0  000000
__HcstackCOMRAM          cstackCOMRAM 000000
__Hdata                  data         000000
__Heeprom_data           eeprom_data  000000
__Hend_init              end_init     000018
__Hfarbss                farbss       000000
__Hfardata               fardata      000000
__Hibigdata              ibigdata     000000
__Hidata                 idata        000000
__Hidloc                 idloc        200008
__Hifardata              ifardata     000000
__Hinit                  init         000014
__Hintcode               intcode      000014
__Hintcode_body          intcode_body 000000
__Hintcodelo             intcodelo    000014
__Hintentry              intentry     000000
__Hintret                intret       000000
__Hintsave_regs          intsave_regs 000000
__Hirdata                irdata       000000
__Hmediumconst           mediumconst  000000
__HnvCOMRAM              nvCOMRAM     000000
__HnvFARRAM              nvFARRAM     000000
__Hnvbit                 nvbit        000000
__Hnvrram                nvrram       000000
__Hparam                 rparam       000000
__Hpowerup               powerup      000014
__Hram                   ram          000000
__Hramtop                ramtop       000600
__Hrbit                  rbit         000000
__Hrbss                  rbss         000000
__Hrdata                 rdata        000000
__Hreset_vec             reset_vec    000006
__Hrparam                rparam       000000
__Hsfr                   sfr          000000
__Hsmallconst            smallconst   00068E
__Hstruct                struct       000000
__Htemp                  temp         000000
__Htext                  text         000000
__Htext0                 text0        000000
__Htext1                 text1        000000
__Htext10                text10       000000
__Htext11                text11       000000
__Htext12                text12       000000
__Htext13                text13       000000
__Htext14                text14       000000
__Htext15                text15       000000
__Htext16                text16       000000
__Htext17                text17       000000
__Htext18                text18       000000
__Htext19                text19       000000
__Htext2                 text2        000000
__Htext20                text20       000000
__Htext21                text21       000000
__Htext22                text22       000000
__Htext23                text23       000000
__Htext24                text24       000000
__Htext25                text25       000000
__Htext26                text26       000000
__Htext27                text27       000000
__Htext28                text28       000000
__Htext29                text29       000000
__Htext3                 text3        000000
__Htext30                text30       000000
__Htext31                text31       000000
__Htext32                text32       000000
__Htext33                text33       000000
__Htext4                 text4        000000
__Htext5                 text5        000000
__Htext6                 text6        000000
__Htext7                 text7        000000
__Htext8                 text8        000000
__Htext9                 text9        000000
__LRAM                   (abs)        000001
__Labs1                  abs1         000000
__Lbank0                 bank0        000000
__Lbank1                 bank1        000000
__Lbank2                 bank2        000000
__Lbank3                 bank3        000000
__Lbank4                 bank4        000000
__Lbank5                 bank5        000000
__Lbigbss                bigbss       000000
__Lbigdata               bigdata      000000
__Lbigram                bigram       000000
__Lbss                   bss          000000
__LbssBANK0              bssBANK0     000000
__LbssCOMRAM             bssCOMRAM    000000
__Lcinit                 cinit        000000
__Lclrtext               clrtext      000000
__Lcomram                comram       000000
__Lconfig                config       300000
__Lconst                 const        000000
__LcstackBANK0           cstackBANK0  000000
__LcstackCOMRAM          cstackCOMRAM 000000
__Ldata                  data         000000
__Leeprom_data           eeprom_data  000000
__Lend_init              end_init     000014
__Lfarbss                farbss       000000
__Lfardata               fardata      000000
__Libigdata              ibigdata     000000
__Lidata                 idata        000000
__Lidloc                 idloc        200000
__Lifardata              ifardata     000000
__Linit                  init         000014
__Lintcode               intcode      000008
__Lintcode_body          intcode_body 000000
__Lintcodelo             intcodelo    000014
__Lintentry              intentry     000000
__Lintret                intret       000000
__Lintsave_regs          intsave_regs 000000
__Lirdata                irdata       000000
__Lmediumconst           mediumconst  000000
__LnvCOMRAM              nvCOMRAM     000000
__LnvFARRAM              nvFARRAM     000000
__Lnvbit                 nvbit        000000
__Lnvrram                nvrram       000000
__Lparam                 rparam       000000
__Lpowerup               powerup      000014
__Lram                   ram          000000
__Lramtop                ramtop       000600
__Lrbit                  rbit         000000
__Lrbss                  rbss         000000
__Lrdata                 rdata        000000
__Lreset_vec             reset_vec    000000
__Lrparam                rparam       000000
__Lsfr                   sfr          000000
__Lsmallconst            smallconst   000600
__Lstruct                struct       000000
__Ltemp                  temp         000000
__Ltext                  text         000000
__Ltext0                 text0        000000
__Ltext1                 text1        000000
__Ltext10                text10       000000
__Ltext11                text11       000000
__Ltext12                text12       000000
__Ltext13                text13       000000
__Ltext14                text14       000000
__Ltext15                text15       000000
__Ltext16                text16       000000
__Ltext17                text17       000000
__Ltext18                text18       000000
__Ltext19                text19       000000
__Ltext2                 text2        000000
__Ltext20                text20       000000
__Ltext21                text21       000000
__Ltext22                text22       000000
__Ltext23                text23       000000
__Ltext24                text24       000000
__Ltext25                text25       000000
__Ltext26                text26       000000
__Ltext27                text27       000000
__Ltext28                text28       000000
__Ltext29                text29       000000
__Ltext3                 text3        000000
__Ltext30                text30       000000
__Ltext31                text31       000000
__Ltext32                text32       000000
__Ltext33                text33       000000
__Ltext4                 text4        000000
__Ltext5                 text5        000000
__Ltext6                 text6        000000
__Ltext7                 text7        000000
__Ltext8                 text8        000000
__Ltext9                 text9        000000
__S0                     (abs)        30000E
__S1                     (abs)        0000D5
___asftadd               text16       002DD8
___asftadd@f1p           cstackBANK0  000080
___asftadd@f2            cstackBANK0  000082
___asftdiv               text14       002D9C
___asftdiv@f1p           cstackCOMRAM 000047
___asftdiv@f2            cstackCOMRAM 000049
___asftmul               text13       002D60
___asftmul@f1p           cstackBANK0  000080
___asftmul@f2            cstackBANK0  000082
___asftsub               text10       002CDC
___asftsub@f1p           cstackBANK0  000086
___asftsub@f2            cstackBANK0  000088
___awdiv                 text24       00294C
___awdiv@counter         cstackCOMRAM 00001B
___awdiv@dividend        cstackCOMRAM 000016
___awdiv@divisor         cstackCOMRAM 000018
___awdiv@quotient        cstackCOMRAM 00001D
___awdiv@sign            cstackCOMRAM 00001C
___awmod                 text23       002AE8
___awmod@counter         cstackCOMRAM 000014
___awmod@dividend        cstackCOMRAM 00000F
___awmod@divisor         cstackCOMRAM 000011
___awmod@sign            cstackCOMRAM 000015
___ftadd                 text12       001DEA
___ftadd@exp1            cstackCOMRAM 00006A
___ftadd@exp2            cstackCOMRAM 000069
___ftadd@f1              cstackCOMRAM 00005D
___ftadd@f2              cstackCOMRAM 000060
___ftadd@sign            cstackCOMRAM 000068
___ftdiv                 text15       002346
___ftdiv@cntr            cstackCOMRAM 000041
___ftdiv@exp             cstackCOMRAM 000045
___ftdiv@f1              cstackCOMRAM 000036
___ftdiv@f2              cstackCOMRAM 000039
___ftdiv@f3              cstackCOMRAM 000042
___ftdiv@sign            cstackCOMRAM 000046
___ftge                  text9        002628
___ftge@ff1              cstackBANK0  000080
___ftge@ff2              cstackBANK0  000083
___ftmul                 text32       002236
___ftmul@cntr            cstackCOMRAM 000034
___ftmul@exp             cstackCOMRAM 000030
___ftmul@f1              cstackCOMRAM 000025
___ftmul@f2              cstackCOMRAM 000028
___ftmul@f3_as_product   cstackCOMRAM 000031
___ftmul@sign            cstackCOMRAM 000035
___ftneg                 text8        002EA4
___ftneg@f1              cstackCOMRAM 00005A
___ftpack                text33       0027EC
___ftpack@arg            cstackCOMRAM 00000F
___ftpack@exp            cstackCOMRAM 000012
___ftpack@sign           cstackCOMRAM 000013
___ftsub                 text11       002D1E
___ftsub@f1              cstackBANK0  000080
___ftsub@f2              cstackBANK0  000083
___fttol                 text7        00270C
___fttol@exp1            cstackCOMRAM 000050
___fttol@f1              cstackCOMRAM 000042
___fttol@lval            cstackCOMRAM 00004C
___fttol@sign1           cstackCOMRAM 00004B
___lldiv                 text6        0029DC
___lldiv@counter         cstackCOMRAM 00001C
___lldiv@dividend        cstackCOMRAM 00000F
___lldiv@divisor         cstackCOMRAM 000013
___lldiv@quotient        cstackCOMRAM 000018
___llmod                 text5        002B64
___llmod@counter         cstackCOMRAM 000018
___llmod@dividend        cstackCOMRAM 00000F
___llmod@divisor         cstackCOMRAM 000013
___lltoft                text4        002BCE
___lltoft@c              cstackCOMRAM 000051
___lltoft@exp            cstackCOMRAM 000059
___lwmod                 text3        002C96
___lwmod@counter         cstackCOMRAM 000014
___lwmod@dividend        cstackCOMRAM 00000F
___lwmod@divisor         cstackCOMRAM 000011
___lwtoft                text1        002E4E
___lwtoft@c              cstackCOMRAM 000017
___wmul                  text22       002E14
___wmul@multiplicand     cstackCOMRAM 000021
___wmul@multiplier       cstackCOMRAM 00001F
___wmul@product          cstackCOMRAM 000023
__accesstop              (abs)        000080
__activetblptr           (abs)        000002
__div_to_l_              text17       002444
__div_to_l_@cntr         cstackCOMRAM 00001A
__div_to_l_@exp1         cstackCOMRAM 00001B
__div_to_l_@f1           cstackCOMRAM 00000F
__div_to_l_@f2           cstackCOMRAM 000012
__div_to_l_@quot         cstackCOMRAM 000016
__end_of_RA0_isr         intcode_body 002AE8
__end_of___asftadd       text16       002E14
__end_of___asftdiv       text14       002DD8
__end_of___asftmul       text13       002D9C
__end_of___asftsub       text10       002D1E
__end_of___awdiv         text24       0029DC
__end_of___awmod         text23       002B64
__end_of___ftadd         text12       001FB6
__end_of___ftdiv         text15       002444
__end_of___ftge          text9        00270C
__end_of___ftmul         text32       002346
__end_of___ftneg         text8        002ECA
__end_of___ftpack        text33       0028A4
__end_of___ftsub         text11       002D60
__end_of___fttol         text7        0027EC
__end_of___lldiv         text6        002A62
__end_of___llmod         text5        002BCE
__end_of___lltoft        text4        002C32
__end_of___lwmod         text3        002CDC
__end_of___lwtoft        text1        002E7A
__end_of___wmul          text22       002E4E
__end_of__div_to_l_      text17       002538
__end_of__initialization cinit        002F50
__end_of__npowers_       smallconst   00064F
__end_of__powers_        smallconst   000676
__end_of__stringdata     smallconst   00068C
__end_of__tdiv_to_l_     text18       002236
__end_of_delayms         text30       002F12
__end_of_delayus         text29       002F46
__end_of_dpowers         smallconst   000628
__end_of_epulse          text28       002EA4
__end_of_fround          text21       001DEA
__end_of_init_ADCM       text31       002F30
__end_of_init_LCD        text26       002628
__end_of_isdigit         text19       002EEE
__end_of_load_string     text25       002C96
__end_of_main            text0        002114
__end_of_scale           text20       001B6A
__end_of_send_data       text27       00294C
__end_of_sprintf         text2        00171A
__initialization         cinit        002F46
__mediumconst            mediumconst  000000
__npowers_               smallconst   000628
__pbssBANK0              bssBANK0     0000D3
__pbssCOMRAM             bssCOMRAM    00006E
__pcinit                 cinit        002F46
__pcstackBANK0           cstackBANK0  000080
__pcstackCOMRAM          cstackCOMRAM 000001
__pintcode               intcode      000008
__pintcode_body          intcode_body 002A62
__pnvCOMRAM              nvCOMRAM     000070
__powers_                smallconst   00064F
__psmallconst            smallconst   000600
__ptext0                 text0        001FB6
__ptext1                 text1        002E4E
__ptext10                text10       002CDC
__ptext11                text11       002D1E
__ptext12                text12       001DEA
__ptext13                text13       002D60
__ptext14                text14       002D9C
__ptext15                text15       002346
__ptext16                text16       002DD8
__ptext17                text17       002444
__ptext18                text18       002114
__ptext19                text19       002ECA
__ptext2                 text2        00068E
__ptext20                text20       00171A
__ptext21                text21       001B6A
__ptext22                text22       002E14
__ptext23                text23       002AE8
__ptext24                text24       00294C
__ptext25                text25       002C32
__ptext26                text26       002538
__ptext27                text27       0028A4
__ptext28                text28       002E7A
__ptext29                text29       002F30
__ptext3                 text3        002C96
__ptext30                text30       002EEE
__ptext31                text31       002F12
__ptext32                text32       002236
__ptext33                text33       0027EC
__ptext4                 text4        002BCE
__ptext5                 text5        002B64
__ptext6                 text6        0029DC
__ptext7                 text7        00270C
__ptext8                 text8        002EA4
__ptext9                 text9        002628
__ramtop                 ramtop       000600
__size_of_RA0_isr        (abs)        000000
__size_of___asftadd      (abs)        000000
__size_of___asftdiv      (abs)        000000
__size_of___asftmul      (abs)        000000
__size_of___asftsub      (abs)        000000
__size_of___awdiv        (abs)        000000
__size_of___awmod        (abs)        000000
__size_of___ftadd        (abs)        000000
__size_of___ftdiv        (abs)        000000
__size_of___ftge         (abs)        000000
__size_of___ftmul        (abs)        000000
__size_of___ftneg        (abs)        000000
__size_of___ftpack       (abs)        000000
__size_of___ftsub        (abs)        000000
__size_of___fttol        (abs)        000000
__size_of___lldiv        (abs)        000000
__size_of___llmod        (abs)        000000
__size_of___lltoft       (abs)        000000
__size_of___lwmod        (abs)        000000
__size_of___lwtoft       (abs)        000000
__size_of___wmul         (abs)        000000
__size_of__div_to_l_     (abs)        000000
__size_of__tdiv_to_l_    (abs)        000000
__size_of_delayms        (abs)        000000
__size_of_delayus        (abs)        000000
__size_of_epulse         (abs)        000000
__size_of_fround         (abs)        000000
__size_of_init_ADCM      (abs)        000000
__size_of_init_LCD       (abs)        000000
__size_of_isdigit        (abs)        000000
__size_of_load_string    (abs)        000000
__size_of_main           (abs)        000000
__size_of_scale          (abs)        000000
__size_of_send_data      (abs)        000000
__size_of_sprintf        (abs)        000000
__smallconst             smallconst   000600
__stringdata             smallconst   000676
__tdiv_to_l_             text18       002114
__tdiv_to_l_@cntr        cstackCOMRAM 00001E
__tdiv_to_l_@exp1        cstackCOMRAM 00001F
__tdiv_to_l_@f1          cstackCOMRAM 00000F
__tdiv_to_l_@f2          cstackCOMRAM 000012
__tdiv_to_l_@quot        cstackCOMRAM 00001A
_delayms                 text30       002EEE
_delayus                 text29       002F30
_dpowers                 smallconst   000600
_epulse                  text28       002E7A
_flag                    bssBANK0     0000D3
_fround                  text21       001B6A
_fround$1135             cstackCOMRAM 000042
_fround$1136             cstackCOMRAM 00003F
_init_ADCM               text31       002F12
_init_LCD                text26       002538
_isdigit                 text19       002ECA
_isdigit$801             cstackCOMRAM 000011
_load_string             text25       002C32
_main                    text0        001FB6
_scale                   text20       00171A
_scale$1137              cstackCOMRAM 00003F
_send_data               text27       0028A4
_sprintf                 text2        00068E
_sprintf$1138            cstackBANK0  000098
_sprintf$526             cstackBANK0  00009B
delayms@cnt              cstackCOMRAM 00000F
delayms@i                bssCOMRAM    00006E
delayms@j                nvCOMRAM     000070
delayus@cnt              cstackCOMRAM 00000F
delayus@i                bssCOMRAM    00006F
end_of_initialization    cinit        002F50
fround@prec              cstackCOMRAM 000036
int_func                 intcode_body 002A62
intlevel0                text         000000
intlevel1                text         000000
intlevel2                text         000000
intlevel3                text         000000
isdigit@c                cstackCOMRAM 00000F
load_string@ptr          cstackCOMRAM 00001A
main@adc_result          cstackBANK0  0000D1
main@buffer              cstackBANK0  0000BE
main@voltage             cstackBANK0  0000CE
scale@scl                cstackCOMRAM 000036
send_data@bflag          cstackCOMRAM 000017
send_data@c              cstackCOMRAM 000018
send_data@cflag          cstackCOMRAM 000013
send_data@chk_busy       cstackCOMRAM 000014
send_data@d              cstackCOMRAM 000019
send_data@data           cstackCOMRAM 000012
send_data@dflag          cstackCOMRAM 000015
sprintf@_val             cstackBANK0  0000AD
sprintf@ap               cstackBANK0  00009F
sprintf@c                cstackBANK0  0000B9
sprintf@exp              cstackBANK0  0000B2
sprintf@f                cstackBANK0  00008D
sprintf@flag             cstackBANK0  0000AB
sprintf@fval             cstackBANK0  0000B6
sprintf@integ            cstackBANK0  0000A8
sprintf@prec             cstackBANK0  0000B4
sprintf@sp               cstackBANK0  00008B
sprintf@temp             cstackBANK0  0000A5
sprintf@vd               cstackBANK0  0000A1
sprintf@vd_528           cstackBANK0  0000A3
start                    init         000014
start_initialization     cinit        002F46


FUNCTION INFORMATION:

 *************** function _main *****************
 Defined at:
		line 48 in file "HW8.c"
 Parameters:    Size  Location     Type
		None
 Auto vars:     Size  Location     Type
  buffer         16   62[BANK0 ] unsigned char [16]
  voltage         3   78[BANK0 ] float 
  adc_result      2   81[BANK0 ] unsigned int 
 Return value:  Size  Location     Type
		None               void
 Registers used:
		wreg, fsr0l, fsr0h, fsr1l, fsr1h, fsr1l, fsr1h, fsr2l, fsr2h, status,2, status,0, pclat, btemp, btemp+1, btemp+2, btemp+3, btemp+4, btemp+5, btemp+6, btemp+7, tosl, structret, tblptrl, tblptrh, tblptru, prodl, prodh, bsr, cstack
 Tracked objects:
		On entry : 
		On exit  : 
		Unchanged: 
 Data sizes:     COMRAM   BANK0   BANK1   BANK2   BANK3   BANK4   BANK5
      Params:         0       0       0       0       0       0       0
      Locals:         0      21       0       0       0       0       0
      Temps:          0       4       0       0       0       0       0
      Totals:         0      25       0       0       0       0       0
Total ram usage:       25 bytes
 Hardware stack levels required when called:    6
 This function calls:
		_init_ADCM
		_init_LCD
		_load_string
		_send_data
		_sprintf
		_delayms
		___ftdiv
		___ftmul
		___lwtoft
 This function is called by:
		Startup code after reset
 This function uses a non-reentrant model


 *************** function ___lwtoft *****************
 Defined at:
		line 29 in file "C:\Program Files (x86)\Microchip\xc8\v1.21\sources\common\lwtoft.c"
 Parameters:    Size  Location     Type
  c               2   22[COMRAM] unsigned int 
 Auto vars:     Size  Location     Type
		None
 Return value:  Size  Location     Type
                  3   22[COMRAM] float 
 Registers used:
		wreg, status,2, status,0, cstack
 Tracked objects:
		On entry : 
		On exit  : 
		Unchanged: 
 Data sizes:     COMRAM   BANK0   BANK1   BANK2   BANK3   BANK4   BANK5
      Params:         3       0       0       0       0       0       0
      Locals:         0       0       0       0       0       0       0
      Temps:          2       0       0       0       0       0       0
      Totals:         5       0       0       0       0       0       0
Total ram usage:        5 bytes
 Hardware stack levels used:    1
 Hardware stack levels required when called:    2
 This function calls:
		___ftpack
 This function is called by:
		_main
 This function uses a non-reentrant model


 *************** function _sprintf *****************
 Defined at:
		line 493 in file "C:\Program Files (x86)\Microchip\xc8\v1.21\sources\common\doprnt.c"
 Parameters:    Size  Location     Type
  sp              2   11[BANK0 ] PTR unsigned char 
		 -> main@buffer(16), 
  f               2   13[BANK0 ] PTR const unsigned char 
		 -> STR_2(6), 
 Auto vars:     Size  Location     Type
  vd              2   33[BANK0 ] unsigned int 
  temp            3   37[BANK0 ] unsigned int 
  vd              2   35[BANK0 ] unsigned int 
  _val            5   45[BANK0 ] struct .
  fval            3   54[BANK0 ] struct .
  integ           3   40[BANK0 ] struct .
  ival            3    0        struct .
  prec            2   52[BANK0 ] int 
  exp             2   50[BANK0 ] int 
  flag            2   43[BANK0 ] unsigned short 
  ap              2   31[BANK0 ] PTR void [1]
		 -> ?_sprintf(2), 
  width           2    0        int 
  c               1   57[BANK0 ] char 
  d               1    0        unsigned char 
 Return value:  Size  Location     Type
                  2   11[BANK0 ] int 
 Registers used:
		wreg, fsr2l, fsr2h, status,2, status,0, tblptrl, tblptrh, tblptru, prodl, prodh, cstack
 Tracked objects:
		On entry : 
		On exit  : 
		Unchanged: 
 Data sizes:     COMRAM   BANK0   BANK1   BANK2   BANK3   BANK4   BANK5
      Params:         0       7       0       0       0       0       0
      Locals:         0      34       0       0       0       0       0
      Temps:          0       6       0       0       0       0       0
      Totals:         0      47       0       0       0       0       0
Total ram usage:       47 bytes
 Hardware stack levels used:    1
 Hardware stack levels required when called:    5
 This function calls:
		_fround
		_scale
		_isdigit
		__tdiv_to_l_
		__div_to_l_
		___asftadd
		___ftadd
		___asftdiv
		___asftmul
		___ftmul
		___asftsub
		___awdiv
		___awmod
		___ftge
		___ftneg
		___fttol
		___lldiv
		___llmod
		___lltoft
		___lwmod
		___wmul
 This function is called by:
		_main
 This function uses a non-reentrant model


 *************** function ___lwmod *****************
 Defined at:
		line 10 in file "C:\Program Files (x86)\Microchip\xc8\v1.21\sources\common\lwmod.c"
 Parameters:    Size  Location     Type
  dividend        2   14[COMRAM] unsigned int 
  divisor         2   16[COMRAM] unsigned int 
 Auto vars:     Size  Location     Type
  counter         1   19[COMRAM] unsigned char 
 Return value:  Size  Location     Type
                  2   14[COMRAM] unsigned int 
 Registers used:
		wreg, status,2, status,0
 Tracked objects:
		On entry : 
		On exit  : 
		Unchanged: 
 Data sizes:     COMRAM   BANK0   BANK1   BANK2   BANK3   BANK4   BANK5
      Params:         4       0       0       0       0       0       0
      Locals:         1       0       0       0       0       0       0
      Temps:          1       0       0       0       0       0       0
      Totals:         6       0       0       0       0       0       0
Total ram usage:        6 bytes
 Hardware stack levels used:    1
 Hardware stack levels required when called:    1
 This function calls:
		Nothing
 This function is called by:
		_sprintf
 This function uses a non-reentrant model


 *************** function ___lltoft *****************
 Defined at:
		line 36 in file "C:\Program Files (x86)\Microchip\xc8\v1.21\sources\common\lltoft.c"
 Parameters:    Size  Location     Type
  c               4   80[COMRAM] unsigned long 
 Auto vars:     Size  Location     Type
  exp             1   88[COMRAM] unsigned char 
 Return value:  Size  Location     Type
                  3   80[COMRAM] float 
 Registers used:
		wreg, status,2, status,0, cstack
 Tracked objects:
		On entry : 
		On exit  : 
		Unchanged: 
 Data sizes:     COMRAM   BANK0   BANK1   BANK2   BANK3   BANK4   BANK5
      Params:         4       0       0       0       0       0       0
      Locals:         1       0       0       0       0       0       0
      Temps:          4       0       0       0       0       0       0
      Totals:         9       0       0       0       0       0       0
Total ram usage:        9 bytes
 Hardware stack levels used:    1
 Hardware stack levels required when called:    2
 This function calls:
		___ftpack
 This function is called by:
		_sprintf
 This function uses a non-reentrant model


 *************** function ___llmod *****************
 Defined at:
		line 10 in file "C:\Program Files (x86)\Microchip\xc8\v1.21\sources\common\llmod.c"
 Parameters:    Size  Location     Type
  dividend        4   14[COMRAM] unsigned long 
  divisor         4   18[COMRAM] unsigned long 
 Auto vars:     Size  Location     Type
  counter         1   23[COMRAM] unsigned char 
 Return value:  Size  Location     Type
                  4   14[COMRAM] unsigned long 
 Registers used:
		wreg, status,2, status,0
 Tracked objects:
		On entry : 
		On exit  : 
		Unchanged: 
 Data sizes:     COMRAM   BANK0   BANK1   BANK2   BANK3   BANK4   BANK5
      Params:         8       0       0       0       0       0       0
      Locals:         1       0       0       0       0       0       0
      Temps:          1       0       0       0       0       0       0
      Totals:        10       0       0       0       0       0       0
Total ram usage:       10 bytes
 Hardware stack levels used:    1
 Hardware stack levels required when called:    1
 This function calls:
		Nothing
 This function is called by:
		_sprintf
 This function uses a non-reentrant model


 *************** function ___lldiv *****************
 Defined at:
		line 10 in file "C:\Program Files (x86)\Microchip\xc8\v1.21\sources\common\lldiv.c"
 Parameters:    Size  Location     Type
  dividend        4   14[COMRAM] unsigned long 
  divisor         4   18[COMRAM] unsigned long 
 Auto vars:     Size  Location     Type
  quotient        4   23[COMRAM] unsigned long 
  counter         1   27[COMRAM] unsigned char 
 Return value:  Size  Location     Type
                  4   14[COMRAM] unsigned long 
 Registers used:
		wreg, status,2, status,0
 Tracked objects:
		On entry : 
		On exit  : 
		Unchanged: 
 Data sizes:     COMRAM   BANK0   BANK1   BANK2   BANK3   BANK4   BANK5
      Params:         8       0       0       0       0       0       0
      Locals:         5       0       0       0       0       0       0
      Temps:          1       0       0       0       0       0       0
      Totals:        14       0       0       0       0       0       0
Total ram usage:       14 bytes
 Hardware stack levels used:    1
 Hardware stack levels required when called:    1
 This function calls:
		Nothing
 This function is called by:
		_sprintf
 This function uses a non-reentrant model


 *************** function ___fttol *****************
 Defined at:
		line 45 in file "C:\Program Files (x86)\Microchip\xc8\v1.21\sources\common\fttol.c"
 Parameters:    Size  Location     Type
  f1              3   65[COMRAM] float 
 Auto vars:     Size  Location     Type
  lval            4   75[COMRAM] unsigned long 
  exp1            1   79[COMRAM] unsigned char 
  sign1           1   74[COMRAM] unsigned char 
 Return value:  Size  Location     Type
                  4   65[COMRAM] long 
 Registers used:
		wreg, status,2, status,0
 Tracked objects:
		On entry : 
		On exit  : 
		Unchanged: 
 Data sizes:     COMRAM   BANK0   BANK1   BANK2   BANK3   BANK4   BANK5
      Params:         4       0       0       0       0       0       0
      Locals:         6       0       0       0       0       0       0
      Temps:          5       0       0       0       0       0       0
      Totals:        15       0       0       0       0       0       0
Total ram usage:       15 bytes
 Hardware stack levels used:    1
 Hardware stack levels required when called:    1
 This function calls:
		Nothing
 This function is called by:
		_sprintf
 This function uses a non-reentrant model


 *************** function ___ftneg *****************
 Defined at:
		line 16 in file "C:\Program Files (x86)\Microchip\xc8\v1.21\sources\common\ftneg.c"
 Parameters:    Size  Location     Type
  f1              3   89[COMRAM] float 
 Auto vars:     Size  Location     Type
		None
 Return value:  Size  Location     Type
                  3   89[COMRAM] float 
 Registers used:
		wreg, status,2, status,0
 Tracked objects:
		On entry : 
		On exit  : 
		Unchanged: 
 Data sizes:     COMRAM   BANK0   BANK1   BANK2   BANK3   BANK4   BANK5
      Params:         3       0       0       0       0       0       0
      Locals:         0       0       0       0       0       0       0
      Temps:          0       0       0       0       0       0       0
      Totals:         3       0       0       0       0       0       0
Total ram usage:        3 bytes
 Hardware stack levels used:    1
 Hardware stack levels required when called:    1
 This function calls:
		Nothing
 This function is called by:
		_sprintf
 This function uses a non-reentrant model


 *************** function ___ftge *****************
 Defined at:
		line 5 in file "C:\Program Files (x86)\Microchip\xc8\v1.21\sources\common\ftge.c"
 Parameters:    Size  Location     Type
  ff1             3    0[BANK0 ] float 
  ff2             3    3[BANK0 ] float 
 Auto vars:     Size  Location     Type
		None
 Return value:  Size  Location     Type
		None               void
 Registers used:
		wreg, status,2, status,0
 Tracked objects:
		On entry : 
		On exit  : 
		Unchanged: 
 Data sizes:     COMRAM   BANK0   BANK1   BANK2   BANK3   BANK4   BANK5
      Params:         0       6       0       0       0       0       0
      Locals:         0       0       0       0       0       0       0
      Temps:          3       0       0       0       0       0       0
      Totals:         3       6       0       0       0       0       0
Total ram usage:        9 bytes
 Hardware stack levels used:    1
 Hardware stack levels required when called:    1
 This function calls:
		Nothing
 This function is called by:
		_sprintf
 This function uses a non-reentrant model


 *************** function ___asftsub *****************
 Defined at:
		line 5 in file "C:\Program Files (x86)\Microchip\xc8\v1.21\sources\pic18\asftsub.c"
 Parameters:    Size  Location     Type
  f1p             2    6[BANK0 ] PTR float 
		 -> sprintf@fval(3), 
  f2              3    8[BANK0 ] float 
 Auto vars:     Size  Location     Type
		None
 Return value:  Size  Location     Type
                  3    6[BANK0 ] float 
 Registers used:
		wreg, fsr2l, fsr2h, status,2, status,0, cstack
 Tracked objects:
		On entry : 
		On exit  : 
		Unchanged: 
 Data sizes:     COMRAM   BANK0   BANK1   BANK2   BANK3   BANK4   BANK5
      Params:         0       5       0       0       0       0       0
      Locals:         0       0       0       0       0       0       0
      Temps:          0       0       0       0       0       0       0
      Totals:         0       5       0       0       0       0       0
Total ram usage:        5 bytes
 Hardware stack levels used:    1
 Hardware stack levels required when called:    4
 This function calls:
		___ftsub
 This function is called by:
		_sprintf
 This function uses a non-reentrant model


 *************** function ___ftsub *****************
 Defined at:
		line 22 in file "C:\Program Files (x86)\Microchip\xc8\v1.21\sources\common\ftsub.c"
 Parameters:    Size  Location     Type
  f1              3    0[BANK0 ] float 
  f2              3    3[BANK0 ] float 
 Auto vars:     Size  Location     Type
		None
 Return value:  Size  Location     Type
                  3    0[BANK0 ] float 
 Registers used:
		wreg, status,2, status,0, cstack
 Tracked objects:
		On entry : 
		On exit  : 
		Unchanged: 
 Data sizes:     COMRAM   BANK0   BANK1   BANK2   BANK3   BANK4   BANK5
      Params:         0       6       0       0       0       0       0
      Locals:         0       0       0       0       0       0       0
      Temps:          0       0       0       0       0       0       0
      Totals:         0       6       0       0       0       0       0
Total ram usage:        6 bytes
 Hardware stack levels used:    1
 Hardware stack levels required when called:    3
 This function calls:
		___ftadd
 This function is called by:
		___asftsub
 This function uses a non-reentrant model


 *************** function ___ftadd *****************
 Defined at:
		line 87 in file "C:\Program Files (x86)\Microchip\xc8\v1.21\sources\common\ftadd.c"
 Parameters:    Size  Location     Type
  f1              3   92[COMRAM] float 
  f2              3   95[COMRAM] float 
 Auto vars:     Size  Location     Type
  exp1            1  105[COMRAM] unsigned char 
  exp2            1  104[COMRAM] unsigned char 
  sign            1  103[COMRAM] unsigned char 
 Return value:  Size  Location     Type
                  3   92[COMRAM] float 
 Registers used:
		wreg, status,2, status,0, cstack
 Tracked objects:
		On entry : 
		On exit  : 
		Unchanged: 
 Data sizes:     COMRAM   BANK0   BANK1   BANK2   BANK3   BANK4   BANK5
      Params:         6       0       0       0       0       0       0
      Locals:         3       0       0       0       0       0       0
      Temps:          5       0       0       0       0       0       0
      Totals:        14       0       0       0       0       0       0
Total ram usage:       14 bytes
 Hardware stack levels used:    1
 Hardware stack levels required when called:    2
 This function calls:
		___ftpack
 This function is called by:
		_sprintf
		___asftadd
		___ftsub
 This function uses a non-reentrant model


 *************** function ___asftmul *****************
 Defined at:
		line 5 in file "C:\Program Files (x86)\Microchip\xc8\v1.21\sources\pic18\asftmul.c"
 Parameters:    Size  Location     Type
  f1p             2    0[BANK0 ] PTR float 
		 -> sprintf@temp(3), sprintf@integ(3), sprintf@fval(3), 
  f2              3    2[BANK0 ] float 
 Auto vars:     Size  Location     Type
		None
 Return value:  Size  Location     Type
                  3    0[BANK0 ] float 
 Registers used:
		wreg, fsr2l, fsr2h, status,2, status,0, cstack
 Tracked objects:
		On entry : 
		On exit  : 
		Unchanged: 
 Data sizes:     COMRAM   BANK0   BANK1   BANK2   BANK3   BANK4   BANK5
      Params:         0       5       0       0       0       0       0
      Locals:         0       0       0       0       0       0       0
      Temps:          0       0       0       0       0       0       0
      Totals:         0       5       0       0       0       0       0
Total ram usage:        5 bytes
 Hardware stack levels used:    1
 Hardware stack levels required when called:    3
 This function calls:
		___ftmul
 This function is called by:
		_sprintf
 This function uses a non-reentrant model


 *************** function ___asftdiv *****************
 Defined at:
		line 5 in file "C:\Program Files (x86)\Microchip\xc8\v1.21\sources\pic18\asftdiv.c"
 Parameters:    Size  Location     Type
  f1p             2   70[COMRAM] PTR float 
		 -> sprintf@fval(3), 
  f2              3   72[COMRAM] float 
 Auto vars:     Size  Location     Type
		None
 Return value:  Size  Location     Type
                  3   70[COMRAM] float 
 Registers used:
		wreg, fsr2l, fsr2h, status,2, status,0, cstack
 Tracked objects:
		On entry : 
		On exit  : 
		Unchanged: 
 Data sizes:     COMRAM   BANK0   BANK1   BANK2   BANK3   BANK4   BANK5
      Params:         5       0       0       0       0       0       0
      Locals:         0       0       0       0       0       0       0
      Temps:          0       0       0       0       0       0       0
      Totals:         5       0       0       0       0       0       0
Total ram usage:        5 bytes
 Hardware stack levels used:    1
 Hardware stack levels required when called:    3
 This function calls:
		___ftdiv
 This function is called by:
		_sprintf
 This function uses a non-reentrant model


 *************** function ___ftdiv *****************
 Defined at:
		line 50 in file "C:\Program Files (x86)\Microchip\xc8\v1.21\sources\common\ftdiv.c"
 Parameters:    Size  Location     Type
  f1              3   53[COMRAM] float 
  f2              3   56[COMRAM] float 
 Auto vars:     Size  Location     Type
  f3              3   65[COMRAM] float 
  sign            1   69[COMRAM] unsigned char 
  exp             1   68[COMRAM] unsigned char 
  cntr            1   64[COMRAM] unsigned char 
 Return value:  Size  Location     Type
                  3   53[COMRAM] float 
 Registers used:
		wreg, status,2, status,0, cstack
 Tracked objects:
		On entry : 
		On exit  : 
		Unchanged: 
 Data sizes:     COMRAM   BANK0   BANK1   BANK2   BANK3   BANK4   BANK5
      Params:         6       0       0       0       0       0       0
      Locals:         6       0       0       0       0       0       0
      Temps:          5       0       0       0       0       0       0
      Totals:        17       0       0       0       0       0       0
Total ram usage:       17 bytes
 Hardware stack levels used:    1
 Hardware stack levels required when called:    2
 This function calls:
		___ftpack
 This function is called by:
		_main
		___asftdiv
 This function uses a non-reentrant model


 *************** function ___asftadd *****************
 Defined at:
		line 5 in file "C:\Program Files (x86)\Microchip\xc8\v1.21\sources\pic18\asftadd.c"
 Parameters:    Size  Location     Type
  f1p             2    0[BANK0 ] PTR float 
		 -> sprintf@fval(3), 
  f2              3    2[BANK0 ] float 
 Auto vars:     Size  Location     Type
		None
 Return value:  Size  Location     Type
                  3    0[BANK0 ] float 
 Registers used:
		wreg, fsr2l, fsr2h, status,2, status,0, cstack
 Tracked objects:
		On entry : 
		On exit  : 
		Unchanged: 
 Data sizes:     COMRAM   BANK0   BANK1   BANK2   BANK3   BANK4   BANK5
      Params:         0       5       0       0       0       0       0
      Locals:         0       0       0       0       0       0       0
      Temps:          0       0       0       0       0       0       0
      Totals:         0       5       0       0       0       0       0
Total ram usage:        5 bytes
 Hardware stack levels used:    1
 Hardware stack levels required when called:    3
 This function calls:
		___ftadd
 This function is called by:
		_sprintf
 This function uses a non-reentrant model


 *************** function __div_to_l_ *****************
 Defined at:
		line 61 in file "C:\Program Files (x86)\Microchip\xc8\v1.21\sources\common\fldivl.c"
 Parameters:    Size  Location     Type
  f1              3   14[COMRAM] float 
  f2              3   17[COMRAM] float 
 Auto vars:     Size  Location     Type
  quot            4   21[COMRAM] unsigned long 
  exp1            1   26[COMRAM] unsigned char 
  cntr            1   25[COMRAM] unsigned char 
 Return value:  Size  Location     Type
                  4   14[COMRAM] unsigned long 
 Registers used:
		wreg, status,2, status,0
 Tracked objects:
		On entry : 
		On exit  : 
		Unchanged: 
 Data sizes:     COMRAM   BANK0   BANK1   BANK2   BANK3   BANK4   BANK5
      Params:         6       0       0       0       0       0       0
      Locals:         6       0       0       0       0       0       0
      Temps:          1       0       0       0       0       0       0
      Totals:        13       0       0       0       0       0       0
Total ram usage:       13 bytes
 Hardware stack levels used:    1
 Hardware stack levels required when called:    1
 This function calls:
		Nothing
 This function is called by:
		_sprintf
 This function uses a non-reentrant model


 *************** function __tdiv_to_l_ *****************
 Defined at:
		line 61 in file "C:\Program Files (x86)\Microchip\xc8\v1.21\sources\common\ftdivl.c"
 Parameters:    Size  Location     Type
  f1              3   14[COMRAM] float 
  f2              3   17[COMRAM] float 
 Auto vars:     Size  Location     Type
  quot            4   25[COMRAM] unsigned long 
  exp1            1   30[COMRAM] unsigned char 
  cntr            1   29[COMRAM] unsigned char 
 Return value:  Size  Location     Type
                  4   14[COMRAM] unsigned long 
 Registers used:
		wreg, status,2, status,0
 Tracked objects:
		On entry : 
		On exit  : 
		Unchanged: 
 Data sizes:     COMRAM   BANK0   BANK1   BANK2   BANK3   BANK4   BANK5
      Params:         6       0       0       0       0       0       0
      Locals:         6       0       0       0       0       0       0
      Temps:          5       0       0       0       0       0       0
      Totals:        17       0       0       0       0       0       0
Total ram usage:       17 bytes
 Hardware stack levels used:    1
 Hardware stack levels required when called:    1
 This function calls:
		Nothing
 This function is called by:
		_sprintf
 This function uses a non-reentrant model


 *************** function _isdigit *****************
 Defined at:
		line 13 in file "C:\Program Files (x86)\Microchip\xc8\v1.21\sources\common\isdigit.c"
 Parameters:    Size  Location     Type
  c               1   14[COMRAM] unsigned char 
 Auto vars:     Size  Location     Type
		None
 Return value:  Size  Location     Type
		None               void
 Registers used:
		wreg, status,2, status,0
 Tracked objects:
		On entry : 
		On exit  : 
		Unchanged: 
 Data sizes:     COMRAM   BANK0   BANK1   BANK2   BANK3   BANK4   BANK5
      Params:         1       0       0       0       0       0       0
      Locals:         1       0       0       0       0       0       0
      Temps:          1       0       0       0       0       0       0
      Totals:         3       0       0       0       0       0       0
Total ram usage:        3 bytes
 Hardware stack levels used:    1
 Hardware stack levels required when called:    1
 This function calls:
		Nothing
 This function is called by:
		_sprintf
 This function uses a non-reentrant model


 *************** function _scale *****************
 Defined at:
		line 426 in file "C:\Program Files (x86)\Microchip\xc8\v1.21\sources\common\doprnt.c"
 Parameters:    Size  Location     Type
  scl             1   53[COMRAM] char 
 Auto vars:     Size  Location     Type
		None
 Return value:  Size  Location     Type
                  3   53[COMRAM] char 
 Registers used:
		wreg, status,2, status,0, tblptrl, tblptrh, tblptru, prodl, prodh, cstack
 Tracked objects:
		On entry : 
		On exit  : 
		Unchanged: 
 Data sizes:     COMRAM   BANK0   BANK1   BANK2   BANK3   BANK4   BANK5
      Params:         3       0       0       0       0       0       0
      Locals:         3       0       0       0       0       0       0
      Temps:          6       0       0       0       0       0       0
      Totals:        12       0       0       0       0       0       0
Total ram usage:       12 bytes
 Hardware stack levels used:    1
 Hardware stack levels required when called:    3
 This function calls:
		___ftmul
		___awdiv
		___awmod
		___wmul
 This function is called by:
		_sprintf
 This function uses a non-reentrant model


 *************** function _fround *****************
 Defined at:
		line 410 in file "C:\Program Files (x86)\Microchip\xc8\v1.21\sources\common\doprnt.c"
 Parameters:    Size  Location     Type
  prec            1   53[COMRAM] unsigned char 
 Auto vars:     Size  Location     Type
		None
 Return value:  Size  Location     Type
                  3   53[COMRAM] unsigned char 
 Registers used:
		wreg, status,2, status,0, tblptrl, tblptrh, tblptru, prodl, prodh, cstack
 Tracked objects:
		On entry : 
		On exit  : 
		Unchanged: 
 Data sizes:     COMRAM   BANK0   BANK1   BANK2   BANK3   BANK4   BANK5
      Params:         3       0       0       0       0       0       0
      Locals:         6       0       0       0       0       0       0
      Temps:          6       0       0       0       0       0       0
      Totals:        15       0       0       0       0       0       0
Total ram usage:       15 bytes
 Hardware stack levels used:    1
 Hardware stack levels required when called:    3
 This function calls:
		___ftmul
		___awdiv
		___awmod
		___wmul
 This function is called by:
		_sprintf
 This function uses a non-reentrant model


 *************** function ___wmul *****************
 Defined at:
		line 5 in file "C:\Program Files (x86)\Microchip\xc8\v1.21\sources\common\wmul.c"
 Parameters:    Size  Location     Type
  multiplier      2   30[COMRAM] unsigned int 
  multiplicand    2   32[COMRAM] unsigned int 
 Auto vars:     Size  Location     Type
  product         2   34[COMRAM] unsigned int 
 Return value:  Size  Location     Type
                  2   30[COMRAM] unsigned int 
 Registers used:
		wreg, status,2, status,0, prodl, prodh
 Tracked objects:
		On entry : 
		On exit  : 
		Unchanged: 
 Data sizes:     COMRAM   BANK0   BANK1   BANK2   BANK3   BANK4   BANK5
      Params:         4       0       0       0       0       0       0
      Locals:         2       0       0       0       0       0       0
      Temps:          0       0       0       0       0       0       0
      Totals:         6       0       0       0       0       0       0
Total ram usage:        6 bytes
 Hardware stack levels used:    1
 Hardware stack levels required when called:    1
 This function calls:
		Nothing
 This function is called by:
		_fround
		_scale
		_sprintf
 This function uses a non-reentrant model


 *************** function ___awmod *****************
 Defined at:
		line 10 in file "C:\Program Files (x86)\Microchip\xc8\v1.21\sources\common\awmod.c"
 Parameters:    Size  Location     Type
  dividend        2   14[COMRAM] int 
  divisor         2   16[COMRAM] int 
 Auto vars:     Size  Location     Type
  sign            1   20[COMRAM] unsigned char 
  counter         1   19[COMRAM] unsigned char 
 Return value:  Size  Location     Type
                  2   14[COMRAM] int 
 Registers used:
		wreg, status,2, status,0
 Tracked objects:
		On entry : 
		On exit  : 
		Unchanged: 
 Data sizes:     COMRAM   BANK0   BANK1   BANK2   BANK3   BANK4   BANK5
      Params:         4       0       0       0       0       0       0
      Locals:         2       0       0       0       0       0       0
      Temps:          1       0       0       0       0       0       0
      Totals:         7       0       0       0       0       0       0
Total ram usage:        7 bytes
 Hardware stack levels used:    1
 Hardware stack levels required when called:    1
 This function calls:
		Nothing
 This function is called by:
		_fround
		_scale
		_sprintf
 This function uses a non-reentrant model


 *************** function ___awdiv *****************
 Defined at:
		line 10 in file "C:\Program Files (x86)\Microchip\xc8\v1.21\sources\common\awdiv.c"
 Parameters:    Size  Location     Type
  dividend        2   21[COMRAM] int 
  divisor         2   23[COMRAM] int 
 Auto vars:     Size  Location     Type
  quotient        2   28[COMRAM] int 
  sign            1   27[COMRAM] unsigned char 
  counter         1   26[COMRAM] unsigned char 
 Return value:  Size  Location     Type
                  2   21[COMRAM] int 
 Registers used:
		wreg, status,2, status,0
 Tracked objects:
		On entry : 
		On exit  : 
		Unchanged: 
 Data sizes:     COMRAM   BANK0   BANK1   BANK2   BANK3   BANK4   BANK5
      Params:         4       0       0       0       0       0       0
      Locals:         4       0       0       0       0       0       0
      Temps:          1       0       0       0       0       0       0
      Totals:         9       0       0       0       0       0       0
Total ram usage:        9 bytes
 Hardware stack levels used:    1
 Hardware stack levels required when called:    1
 This function calls:
		Nothing
 This function is called by:
		_fround
		_scale
		_sprintf
 This function uses a non-reentrant model


 *************** function _load_string *****************
 Defined at:
		line 207 in file "HW8.c"
 Parameters:    Size  Location     Type
  ptr             2   25[COMRAM] PTR const unsigned char 
		 -> main@buffer(16), STR_1(16), 
 Auto vars:     Size  Location     Type
		None
 Return value:  Size  Location     Type
		None               void
 Registers used:
		wreg, fsr0l, fsr0h, fsr1l, fsr1h, fsr1l, fsr1h, fsr2l, fsr2h, status,2, status,0, pclat, btemp, btemp+1, btemp+2, btemp+3, btemp+4, btemp+5, btemp+6, btemp+7, tosl, structret, tblptrl, tblptrh, tblptru, prodl, prodh, bsr, cstack
 Tracked objects:
		On entry : 
		On exit  : 
		Unchanged: 
 Data sizes:     COMRAM   BANK0   BANK1   BANK2   BANK3   BANK4   BANK5
      Params:         2       0       0       0       0       0       0
      Locals:         0       0       0       0       0       0       0
      Temps:          3       0       0       0       0       0       0
      Totals:         5       0       0       0       0       0       0
Total ram usage:        5 bytes
 Hardware stack levels used:    1
 Hardware stack levels required when called:    4
 This function calls:
		_send_data
 This function is called by:
		_main
 This function uses a non-reentrant model


 *************** function _init_LCD *****************
 Defined at:
		line 120 in file "HW8.c"
 Parameters:    Size  Location     Type
		None
 Auto vars:     Size  Location     Type
		None
 Return value:  Size  Location     Type
		None               void
 Registers used:
		wreg, fsr0l, fsr0h, fsr1l, fsr1h, fsr1l, fsr1h, fsr2l, fsr2h, status,2, status,0, pclat, btemp, btemp+1, btemp+2, btemp+3, btemp+4, btemp+5, btemp+6, btemp+7, tosl, structret, tblptrl, tblptrh, tblptru, prodl, prodh, bsr, cstack
 Tracked objects:
		On entry : 
		On exit  : 
		Unchanged: 
 Data sizes:     COMRAM   BANK0   BANK1   BANK2   BANK3   BANK4   BANK5
      Params:         0       0       0       0       0       0       0
      Locals:         0       0       0       0       0       0       0
      Temps:          4       0       0       0       0       0       0
      Totals:         4       0       0       0       0       0       0
Total ram usage:        4 bytes
 Hardware stack levels used:    1
 Hardware stack levels required when called:    4
 This function calls:
		_send_data
		_delayms
 This function is called by:
		_main
 This function uses a non-reentrant model


 *************** function _send_data *****************
 Defined at:
		line 134 in file "HW8.c"
 Parameters:    Size  Location     Type
  data            1   17[COMRAM] unsigned char 
  cflag           1   18[COMRAM] unsigned char 
  chk_busy        1   19[COMRAM] unsigned char 
  dflag           1   20[COMRAM] unsigned char 
 Auto vars:     Size  Location     Type
  d               1   24[COMRAM] unsigned char 
  c               1   23[COMRAM] unsigned char 
  bflag           1   22[COMRAM] unsigned char 
 Return value:  Size  Location     Type
		None               void
 Registers used:
		wreg, fsr0l, fsr0h, fsr1l, fsr1h, fsr1l, fsr1h, fsr2l, fsr2h, status,2, status,0, pclat, btemp, btemp+1, btemp+2, btemp+3, btemp+4, btemp+5, btemp+6, btemp+7, tosl, structret, tblptrl, tblptrh, tblptru, prodl, prodh, bsr, cstack
 Tracked objects:
		On entry : 
		On exit  : 
		Unchanged: 
 Data sizes:     COMRAM   BANK0   BANK1   BANK2   BANK3   BANK4   BANK5
      Params:         4       0       0       0       0       0       0
      Locals:         3       0       0       0       0       0       0
      Temps:          1       0       0       0       0       0       0
      Totals:         8       0       0       0       0       0       0
Total ram usage:        8 bytes
 Hardware stack levels used:    1
 Hardware stack levels required when called:    3
 This function calls:
		_delayms
		_epulse
		_delayus
 This function is called by:
		_main
		_init_LCD
		_load_string
 This function uses a non-reentrant model


 *************** function _epulse *****************
 Defined at:
		line 176 in file "HW8.c"
 Parameters:    Size  Location     Type
		None
 Auto vars:     Size  Location     Type
		None
 Return value:  Size  Location     Type
		None               void
 Registers used:
		wreg, status,2, status,0, cstack
 Tracked objects:
		On entry : 
		On exit  : 
		Unchanged: 
 Data sizes:     COMRAM   BANK0   BANK1   BANK2   BANK3   BANK4   BANK5
      Params:         0       0       0       0       0       0       0
      Locals:         0       0       0       0       0       0       0
      Temps:          1       0       0       0       0       0       0
      Totals:         1       0       0       0       0       0       0
Total ram usage:        1 bytes
 Hardware stack levels used:    1
 Hardware stack levels required when called:    2
 This function calls:
		_delayus
 This function is called by:
		_send_data
 This function uses a non-reentrant model


 *************** function _delayus *****************
 Defined at:
		line 197 in file "HW8.c"
 Parameters:    Size  Location     Type
  cnt             1   14[COMRAM] unsigned char 
 Auto vars:     Size  Location     Type
		None
 Return value:  Size  Location     Type
		None               void
 Registers used:
		wreg, status,2, status,0
 Tracked objects:
		On entry : 
		On exit  : 
		Unchanged: 
 Data sizes:     COMRAM   BANK0   BANK1   BANK2   BANK3   BANK4   BANK5
      Params:         1       0       0       0       0       0       0
      Locals:         0       0       0       0       0       0       0
      Temps:          1       0       0       0       0       0       0
      Totals:         2       0       0       0       0       0       0
Total ram usage:        2 bytes
 Hardware stack levels used:    1
 Hardware stack levels required when called:    1
 This function calls:
		Nothing
 This function is called by:
		_send_data
		_epulse
 This function uses a non-reentrant model


 *************** function _delayms *****************
 Defined at:
		line 186 in file "HW8.c"
 Parameters:    Size  Location     Type
  cnt             1   14[COMRAM] unsigned char 
 Auto vars:     Size  Location     Type
		None
 Return value:  Size  Location     Type
		None               void
 Registers used:
		wreg, status,2, status,0
 Tracked objects:
		On entry : 
		On exit  : 
		Unchanged: 
 Data sizes:     COMRAM   BANK0   BANK1   BANK2   BANK3   BANK4   BANK5
      Params:         1       0       0       0       0       0       0
      Locals:         0       0       0       0       0       0       0
      Temps:          1       0       0       0       0       0       0
      Totals:         2       0       0       0       0       0       0
Total ram usage:        2 bytes
 Hardware stack levels used:    1
 Hardware stack levels required when called:    1
 This function calls:
		Nothing
 This function is called by:
		_main
		_init_LCD
		_send_data
 This function uses a non-reentrant model


 *************** function _init_ADCM *****************
 Defined at:
		line 92 in file "HW8.c"
 Parameters:    Size  Location     Type
		None
 Auto vars:     Size  Location     Type
		None
 Return value:  Size  Location     Type
		None               void
 Registers used:
		wreg, status,2
 Tracked objects:
		On entry : 
		On exit  : 
		Unchanged: 
 Data sizes:     COMRAM   BANK0   BANK1   BANK2   BANK3   BANK4   BANK5
      Params:         0       0       0       0       0       0       0
      Locals:         0       0       0       0       0       0       0
      Temps:          0       0       0       0       0       0       0
      Totals:         0       0       0       0       0       0       0
Total ram usage:        0 bytes
 Hardware stack levels used:    1
 Hardware stack levels required when called:    1
 This function calls:
		Nothing
 This function is called by:
		_main
 This function uses a non-reentrant model


 *************** function ___ftmul *****************
 Defined at:
		line 52 in file "C:\Program Files (x86)\Microchip\xc8\v1.21\sources\common\ftmul.c"
 Parameters:    Size  Location     Type
  f1              3   36[COMRAM] float 
  f2              3   39[COMRAM] float 
 Auto vars:     Size  Location     Type
  f3_as_produc    3   48[COMRAM] unsigned um
  sign            1   52[COMRAM] unsigned char 
  cntr            1   51[COMRAM] unsigned char 
  exp             1   47[COMRAM] unsigned char 
 Return value:  Size  Location     Type
                  3   36[COMRAM] float 
 Registers used:
		wreg, status,2, status,0, cstack
 Tracked objects:
		On entry : 
		On exit  : 
		Unchanged: 
 Data sizes:     COMRAM   BANK0   BANK1   BANK2   BANK3   BANK4   BANK5
      Params:         6       0       0       0       0       0       0
      Locals:         6       0       0       0       0       0       0
      Temps:          5       0       0       0       0       0       0
      Totals:        17       0       0       0       0       0       0
Total ram usage:       17 bytes
 Hardware stack levels used:    1
 Hardware stack levels required when called:    2
 This function calls:
		___ftpack
 This function is called by:
		_main
		_fround
		_scale
		_sprintf
		___asftmul
 This function uses a non-reentrant model


 *************** function ___ftpack *****************
 Defined at:
		line 63 in file "C:\Program Files (x86)\Microchip\xc8\v1.21\sources\common\float.c"
 Parameters:    Size  Location     Type
  arg             3   14[COMRAM] unsigned um
  exp             1   17[COMRAM] unsigned char 
  sign            1   18[COMRAM] unsigned char 
 Auto vars:     Size  Location     Type
		None
 Return value:  Size  Location     Type
                  3   14[COMRAM] float 
 Registers used:
		wreg, status,2, status,0
 Tracked objects:
		On entry : 
		On exit  : 
		Unchanged: 
 Data sizes:     COMRAM   BANK0   BANK1   BANK2   BANK3   BANK4   BANK5
      Params:         5       0       0       0       0       0       0
      Locals:         0       0       0       0       0       0       0
      Temps:          3       0       0       0       0       0       0
      Totals:         8       0       0       0       0       0       0
Total ram usage:        8 bytes
 Hardware stack levels used:    1
 Hardware stack levels required when called:    1
 This function calls:
		Nothing
 This function is called by:
		___ftadd
		___ftdiv
		___ftmul
		___lltoft
		___lwtoft
 This function uses a non-reentrant model


 *************** function _RA0_isr *****************
 Defined at:
		line 37 in file "HW8.c"
 Parameters:    Size  Location     Type
		None
 Auto vars:     Size  Location     Type
		None
 Return value:  Size  Location     Type
		None               void
 Registers used:
		wreg, status,2
 Tracked objects:
		On entry : 
		On exit  : 
		Unchanged: 
 Data sizes:     COMRAM   BANK0   BANK1   BANK2   BANK3   BANK4   BANK5
      Params:         0       0       0       0       0       0       0
      Locals:         0       0       0       0       0       0       0
      Temps:         14       0       0       0       0       0       0
      Totals:        14       0       0       0       0       0       0
Total ram usage:       14 bytes
 Hardware stack levels used:    1
 This function calls:
		Nothing
 This function is called by:
		Interrupt level 2
 This function uses a non-reentrant model



MODULE INFORMATION

Module		Function		Class		Link	Load	Size
C:\Program Files (x86)\Microchip\xc8\v1.21\sources\pic18\asftadd.c
		___asftadd     		CODE           	2DD8	0000	60

C:\Program Files (x86)\Microchip\xc8\v1.21\sources\pic18\asftadd.c estimated size: 60

C:\Program Files (x86)\Microchip\xc8\v1.21\sources\common\float.c
		___ftpack      		CODE           	27EC	0000	184

C:\Program Files (x86)\Microchip\xc8\v1.21\sources\common\float.c estimated size: 184

C:\Program Files (x86)\Microchip\xc8\v1.21\sources\common\ftge.c
		___ftge        		CODE           	2628	0000	228

C:\Program Files (x86)\Microchip\xc8\v1.21\sources\common\ftge.c estimated size: 228

C:\Program Files (x86)\Microchip\xc8\v1.21\sources\common\wmul.c
		___wmul        		CODE           	2E14	0000	58

C:\Program Files (x86)\Microchip\xc8\v1.21\sources\common\wmul.c estimated size: 58

shared
		__stringdata   		SMALLCONST     	0676	0000	22
		__powers_      		SMALLCONST     	064F	0000	39
		_dpowers       		SMALLCONST     	0600	0000	40
		__npowers_     		SMALLCONST     	0628	0000	39
		__initializatio		CODE           	2F46	0000	10

shared estimated size: 150

C:\Program Files (x86)\Microchip\xc8\v1.21\sources\common\doprnt.c
		_scale         		CODE           	171A	0000	1104
		_sprintf       		CODE           	068E	0000	4236
		_fround        		CODE           	1B6A	0000	640

C:\Program Files (x86)\Microchip\xc8\v1.21\sources\common\doprnt.c estimated size: 5980

C:\Program Files (x86)\Microchip\xc8\v1.21\sources\common\llmod.c
		___llmod       		CODE           	2B64	0000	106

C:\Program Files (x86)\Microchip\xc8\v1.21\sources\common\llmod.c estimated size: 106

C:\Program Files (x86)\Microchip\xc8\v1.21\sources\common\isdigit.c
		_isdigit       		CODE           	2ECA	0000	36

C:\Program Files (x86)\Microchip\xc8\v1.21\sources\common\isdigit.c estimated size: 36

C:\Program Files (x86)\Microchip\xc8\v1.21\sources\common\ftdiv.c
		___ftdiv       		CODE           	2346	0000	254

C:\Program Files (x86)\Microchip\xc8\v1.21\sources\common\ftdiv.c estimated size: 254

C:\Program Files (x86)\Microchip\xc8\v1.21\sources\common\lldiv.c
		___lldiv       		CODE           	29DC	0000	134

C:\Program Files (x86)\Microchip\xc8\v1.21\sources\common\lldiv.c estimated size: 134

C:\Program Files (x86)\Microchip\xc8\v1.21\sources\common\ftsub.c
		___ftsub       		CODE           	2D1E	0000	66

C:\Program Files (x86)\Microchip\xc8\v1.21\sources\common\ftsub.c estimated size: 66

C:\Program Files (x86)\Microchip\xc8\v1.21\sources\common\fldivl.c
		__div_to_l_    		CODE           	2444	0000	244

C:\Program Files (x86)\Microchip\xc8\v1.21\sources\common\fldivl.c estimated size: 244

C:\Program Files (x86)\Microchip\xc8\v1.21\sources\common\ftneg.c
		___ftneg       		CODE           	2EA4	0000	38

C:\Program Files (x86)\Microchip\xc8\v1.21\sources\common\ftneg.c estimated size: 38

C:\Program Files (x86)\Microchip\xc8\v1.21\sources\pic18\asftdiv.c
		___asftdiv     		CODE           	2D9C	0000	60

C:\Program Files (x86)\Microchip\xc8\v1.21\sources\pic18\asftdiv.c estimated size: 60

C:\Program Files (x86)\Microchip\xc8\v1.21\sources\common\ftdivl.c
		__tdiv_to_l_   		CODE           	2114	0000	290

C:\Program Files (x86)\Microchip\xc8\v1.21\sources\common\ftdivl.c estimated size: 290

C:\Program Files (x86)\Microchip\xc8\v1.21\sources\pic18\asftsub.c
		___asftsub     		CODE           	2CDC	0000	66

C:\Program Files (x86)\Microchip\xc8\v1.21\sources\pic18\asftsub.c estimated size: 66

C:\Program Files (x86)\Microchip\xc8\v1.21\sources\common\ftmul.c
		___ftmul       		CODE           	2236	0000	272

C:\Program Files (x86)\Microchip\xc8\v1.21\sources\common\ftmul.c estimated size: 272

C:\Program Files (x86)\Microchip\xc8\v1.21\sources\common\fttol.c
		___fttol       		CODE           	270C	0000	224

C:\Program Files (x86)\Microchip\xc8\v1.21\sources\common\fttol.c estimated size: 224

HW8.c
		_load_string   		CODE           	2C32	0000	100
		_send_data     		CODE           	28A4	0000	168
		_main          		CODE           	1FB6	0000	350
		_epulse        		CODE           	2E7A	0000	42
		_delayus       		CODE           	2F30	0000	22
		_init_ADCM     		CODE           	2F12	0000	30
		_RA0_isr       		CODE           	0008	0000	10976
		_init_LCD      		CODE           	2538	0000	240
		_delayms       		CODE           	2EEE	0000	36

HW8.c estimated size: 11964

C:\Program Files (x86)\Microchip\xc8\v1.21\sources\common\lltoft.c
		___lltoft      		CODE           	2BCE	0000	100

C:\Program Files (x86)\Microchip\xc8\v1.21\sources\common\lltoft.c estimated size: 100

C:\Program Files (x86)\Microchip\xc8\v1.21\sources\pic18\asftmul.c
		___asftmul     		CODE           	2D60	0000	60

C:\Program Files (x86)\Microchip\xc8\v1.21\sources\pic18\asftmul.c estimated size: 60

C:\Program Files (x86)\Microchip\xc8\v1.21\sources\common\lwtoft.c
		___lwtoft      		CODE           	2E4E	0000	44

C:\Program Files (x86)\Microchip\xc8\v1.21\sources\common\lwtoft.c estimated size: 44

C:\Program Files (x86)\Microchip\xc8\v1.21\sources\common\awmod.c
		___awmod       		CODE           	2AE8	0000	124

C:\Program Files (x86)\Microchip\xc8\v1.21\sources\common\awmod.c estimated size: 124

C:\Program Files (x86)\Microchip\xc8\v1.21\sources\common\lwmod.c
		___lwmod       		CODE           	2C96	0000	70

C:\Program Files (x86)\Microchip\xc8\v1.21\sources\common\lwmod.c estimated size: 70

C:\Program Files (x86)\Microchip\xc8\v1.21\sources\common\awdiv.c
		___awdiv       		CODE           	294C	0000	144

C:\Program Files (x86)\Microchip\xc8\v1.21\sources\common\awdiv.c estimated size: 144

C:\Program Files (x86)\Microchip\xc8\v1.21\sources\common\ftadd.c
		___ftadd       		CODE           	1DEA	0000	460

C:\Program Files (x86)\Microchip\xc8\v1.21\sources\common\ftadd.c estimated size: 460

